(B);NonStandard15;X15;15;NonStandard15
(B);NonStandard29;X29;29;NonStandard29
(B);NonStandard4;X4;4;NonStandard4
(B);NonStandard2;X2;2;NonStandard2
(B);NonStandard20;X20;20;NonStandard20
(B);NonStandard6;X6;6;NonStandard6
(B);NonStandard22;X22;22;NonStandard22
(B);NonStandard26;X26;26;NonStandard26
(B);NonStandard7;X7;7;NonStandard7
(B);NonStandard11;X11;11;NonStandard11
(B);NonStandard18;X18;18;NonStandard18
(B);NonStandard5;X5;5;NonStandard5
(B);NonStandard12;X12;12;NonStandard12
(B);NonStandard31;X31;31;NonStandard31
(B);NonStandard16;X16;16;NonStandard16
(B);NonStandard3;X3;3;NonStandard3
(B);NonStandard14;X14;14;NonStandard14
(B);NonStandard10;X10;10;NonStandard10
(B);NonStandard19;X19;19;NonStandard19
(B);NonStandard23;X23;23;NonStandard23
(B);NonStandard21;X21;21;NonStandard21
(B);NonStandard24;X24;24;NonStandard24
(B);NonStandard1;X1;1;NonStandard1
(B);NonStandard8;X8;8;NonStandard8
(A);;72d530;1;45a2e;
(T);t_atp_EepSmsSettingsProfile;7266ee;7266b0;
(A);;a5278;2;6a795;
(A);;726ab5;3;45a2e;
(E);;1a4667;8;
FMM_SECTION_RADIO_INDEX;0;
FMM_SECTION_OM_INDEX;1;
FMM_SECTION_KBD_INDEX;2;
FMM_SECTION_TRACE_INDEX;3;
FMM_SECTION_SPEECH_INDEX;4;
FMM_SECTION_HOTK_INDEX;5;
FMM_SECTION_LDN_INDEX;6;
FMM_SECTION_LRN_INDEX;7;
FMM_SECTION_AUDIO_INDEX;8;
FMM_SECTION_BAT_INDEX;9;
FMM_SECTION_SAV_INDEX;10;
FMM_SECTION_SIM_INDEX;11;
FMM_SECTION_SETUP_INDEX;12;
FMM_SECTION_SETTINGS_INDEX;13;
FMM_SECTION_ADDR_INDEX;14;
FMM_SECTION_ALARM_INDEX;15;
FMM_SECTION_ORGANIZER_INDEX;16;
FMM_SECTION_DEBUG_INDEX;17;
FMM_SECTION_IMEI_INDEX;18;
FMM_SECTION_ADC_DATA_INDEX;19;
FMM_SECTION_CALL_INDEX;20;
FMM_SECTION_MEL_INDEX;21;
FMM_SECTION_DOM_INDEX;22;
FMM_SECTION_BANK_INDEX;23;
FMM_SECTION_SECURITY_INDEX;24;
FMM_SECTION_CONFIG_INDEX;25;
FMM_SECTION_GAME_INDEX;26;
FMM_SECTION_DYLINK_INDEX;27;
FMM_SECTION_WAP_DATA_INDEX;28;
FMM_SECTION_WAP_ENCRYPTED_DATA_INDEX;29;
FMM_SECTION_DATA_INDEX;30;
FMM_SECTION_BT_SETTINGS_INDEX;31;
FMM_SECTION_SPC_INDEX;32;
FMM_SECTION_IP_STACK_INDEX;33;
FMM_SECTION_BT_FACTORY_INDEX;34;
FMM_SECTION_Reserved33_INDEX;35;
FMM_SECTION_Reserved34_INDEX;36;
FMM_SECTION_VIRGIN_INDEX;37;
FMM_SECTION_GPRS_APPLI_INDEX;38;
FMM_SECTION_GPRS_STACK_INDEX;39;
FMM_SECTION_PRODUCTION_INDEX;40;
FMM_SECTION_GSM_STACK_INDEX;41;
(A);;72752f;6;727518;
(A);;727f2f;8;45a2e;
(S);;499bb;2400;
v_ConfigUpControl;0;;45a8d;
v_CodecUpControl;16;;45a8d;
v_CodecUpGain;32;;45a8d;
v_PcmControl;48;;45a8d;
v_UlGain;64;;45a8d;
v_UlTau;80;;45a8d;
v_AuUlFacGain;96;;45a8d;
a_TxFilter;112;;491a0;
a_TxIirfilter;624;;491c6;
v_AuUlPgaThreshold;944;;45a8d;
v_AuUlPgaBoostRate;960;;45a8d;
v_AuUlDigPgaAtten;976;;45a8d;
v_AuUlDigPgaBoost;992;;45a8d;
v_ecL;1008;;45a8d;
v_ecP;1024;;45a8d;
v_ecDelta;1040;;45a8d;
v_ecDeltaLSW;1056;;45a8d;
v_ecMu0;1072;;45a8d;
v_ecMu1;1088;;45a8d;
v_ecMu2;1104;;45a8d;
v_ecMu3;1120;;45a8d;
v_ecFE_SpeechDelay;1136;;45a8d;
v_ecTauAr;1152;;45a8d;
v_ecTauAd;1168;;45a8d;
v_ecL0;1184;;45a8d;
v_ecTauCr;1200;;45a8d;
v_ecTauBr;1216;;45a8d;
v_ecTauBd;1232;;45a8d;
v_ecL_FarEnd;1248;;45a8d;
v_ecL_Residual1;1264;;45a8d;
v_ecL_Residual2;1280;;45a8d;
v_ecL_Env1;1296;;45a8d;
v_ecL_Env2;1312;;45a8d;
v_ecL_Env3;1328;;45a8d;
v_ecL_Env4;1344;;45a8d;
v_ecL_Env5;1360;;45a8d;
v_ecL_Cfe1;1376;;45a8d;
v_ecL_Cfe2;1392;;45a8d;
v_ecHoldoff;1408;;45a8d;
v_ecCfeTau1;1424;;45a8d;
v_ecCfeTau2;1440;;45a8d;
v_ecCfe_L0;1456;;45a8d;
v_ecCfe_L1;1472;;45a8d;
v_ecEnv_Tau1;1488;;45a8d;
v_ecEnv_Tau2;1504;;45a8d;
v_ecEnv_Tau3;1520;;45a8d;
v_ecEnv_Tau4;1536;;45a8d;
v_ecenv_PeakL1;1552;;45a8d;
v_ecEnv_PeakL2;1568;;45a8d;
v_ecNFGamma1;1584;;45a8d;
v_ecNFGamma2;1600;;45a8d;
v_ecNFp;1616;;45a8d;
v_ecEnergyThrMsb;1632;;45a8d;
v_ecEnergyThrLsb;1648;;45a8d;
v_esUL_Gmin;1664;;45a8d;
v_esUL_TauR;1680;;45a8d;
v_esUL_TauD;1696;;45a8d;
v_esDL_Gmin;1712;;45a8d;
v_esDL_TauR;1728;;45a8d;
v_esDL_TauD;1744;;45a8d;
v_nsAlpha;1760;;45a8d;
v_nsLn;1776;;45a8d;
v_nsK;1792;;45a8d;
v_nsTauR;1808;;45a8d;
v_nsTauD;1824;;45a8d;
v_nsLamda;1840;;45a8d;
v_nsTauF;1856;;45a8d;
a_SelEsX;1872;;4921b;
a_SelEsY;1936;;4923f;
s_DynNG;2000;;49446;
s_Dses;2240;;492c1;
s_EcIcc;2320;;4949c;
v_UlHarmonizerAlpha;2368;;45a38;
v_LowVoiceBoosterGain;2384;;45a38;
(T);t_hee_CBMI;72b622;72b5fe;
(T);t_hwlaud_TxFilter;491a0;49194;
(T);stBblRfNvramRssiTempParam;a517a;a512a;
(A);;727947;3;45a2e;
(S);;72b579;32;
v_NbDcsInDcsList;0;;45a2e;
a_DcsList;8;;72b598;
v_SmscbActiveList;16;;45a2e;
v_SmscbReserved;24;;45a2e;
(A);;72bcc6;13;45a2e;
(T);t_hee_EnabledRAT;7279b8;72797e;
(S);t_keytbl;72e1f1;64;
scancode;0;;45a38;
key_info;16;;45a38;
short_digit;32;;45a38;
long_digit;48;;45a38;
(A);;72cc03;4;45a2e;
(A);;a5562;4;6a776;
(A);;72fa12;4;45a8d;
(S);;5c2d9;2400;
s_DspTxCfg;0;;49ffa;
(A);;7283ec;2;45a2e;
(T);t_hwlaud_CalParametricTable;48d56;48558;
(S);;728321;1856;
s_hee_Header;0;;728195;
a_hee_SaveTCTList;64;;72833b;
a_hee_SaveTCTAppl;704;;72835e;
v_hee_TraceInitEeprom;1024;;45a2e;
v_hee_TraceRealTime;1032;;45a2e;
a_hee_ProcessSelectArray;1040;;7283bf;
v_Empty;1840;;7283ec;
(T);t_hee_GprsAppliParam;72504f;72500c;
(T);t_hee_Setup;72a497;72a367;
(A);;a5624;4;a5618;
(S);;492d7;240;
v_attenRise_DlVD;0;;45a38;
v_attenFall_DlVD;16;;45a38;
v_minGain_DlVD;32;;45a38;
v_vadOffset_DlVD;48;;45a38;
v_attenRise_DlVND;64;;45a38;
v_attenFall_DlVND;80;;45a38;
v_minGain_DlVND;96;;45a38;
v_vadOffset_DlVND;112;;45a38;
v_fastTauRise;128;;45a38;
v_fastTauFall;144;;45a38;
v_slowTauRise;160;;45a38;
v_slowTauFall;176;;45a38;
v_vadSoftRelease;192;;45a38;
v_NFgamma1;208;;45a38;
v_NFp;224;;45a38;
(A);;72d286;520;45a2e;
(A);;722128;16;45a2e;
(A);;72d07b;6;45a2e;
(S);;72aa74;32;
v_DaylightSavingTime;30;32;X2;
v_hee_SmsImmediateDisplay;29;32;X1;
v_hee_CallForwarded;25;32;X4;
v_hee_ShowLastCall;24;32;X1;
v_hee_ShowDuringCall;22;32;X2;
v_hee_MediumSelectionForSynchro;20;32;X2;
v_hee_MediumSelection;19;32;X1;
v_hee_DayLightSavingsSelection;18;32;X1;
v_hee_TimeZoneSelection;17;32;X1;
v_hee_DayLightSavings;16;32;X1;
v_hee_HandsfreeVolume;8;32;X8;
v_hee_NewSmscb;7;32;X1;
v_hee_MemoUnread;6;32;X1;
v_hee_ThaiCalendar;5;32;X1;
v_hee_ENSFeature;4;32;X1;
v_hee_ConnectedOnce;3;32;X1;
v_hee_EscalatingRunning;2;32;X1;
v_hee_ClirSubscription;1;32;X1;
v_hee_TestSTK;0;32;X1;
(T);s_hee_HotKeyParam;72e50e;72e4f4;
(T);stBblRfNvramTxVrampTempCorrectionParam;a52a1;a524b;
(A);;a5750;4;a5744;
(S);;724b8d;544;
s_hee_UserFeatures;0;;724a70;
v_hee_SupportedFeature;32;;45a56;
v_hee_PtrFctInit;64;;45a56;
v_hee_ParamFctInit;96;;45a38;
a_hee_GKC;112;;724c02;
a_hee_Gloci;184;;724c1f;
v_hee_MaxUsed;296;;45a2e;
v_hee_HighLimit;304;;45a2e;
v_hee_LowLimit;312;;45a2e;
s_hee_CellLock;320;;724afe;
v_hee_ReverseCellLock;416;;724b6f;
v_hee_LatestServingCell;496;;45a38;
v_GAP_END;512;;724cda;
(A);;724805;10;45a38;
(T);t_hee_FA_oam_Section;72dc73;72db3d;
(T);s32;45aa2;45aae;
(A);;72b8a5;28;45a2e;
(T);t_hee_EmCallEcPlmnList;7275a0;727576;
(S);;72d70f;32;
s_hwlgpm;0;;1a54e3;
(A);;726407;3;72601f;
(T);t_hee_atp_PDPContext;725ffd;725c7a;
(B);;72601f;8;U;
(A);;1a5483;4;45a2e;
(S);;72a367;704;
s_hee_SetupLanguages;0;;72873e;
s_hee_Features;32;;728b17;
s_hee_Features1;64;;728f17;
s_hee_FeaturesGPRS1;96;;7290b1;
s_hee_FeaturesGPRS2;128;;729545;
a_hee_TATSimStringAD;288;;72a3eb;
s_hee_StkTerminalProfile;384;;72a346;
s_hee_CodecPriorityStr;576;;729646;
s_hee_Features2;608;;7297c3;
s_hee_Features3;640;;729822;
s_hee_Features4;672;;72985e;
(B);;45a62;32;U;
(T);t_hee_FeaturesGPRS2;729545;7290cd;
(A);;72b97d;10;45a2e;
(T);s_hee_ProductionParam;728078;72805b;
(S);;72d941;96;
v_hee_CodeBarreMtx;0;;72d946;
v_hee_SpareL75;48;;72d96b;
(A);;a56d4;4;a56c8;
(S);;728b2e;32;
v_hee_BOUYGUESoperator;31;32;X1;
v_hee_Operator1;30;32;X1;
v_hee_Operator2;29;32;X1;
v_hee_Operator3;28;32;X1;
v_hee_Operator4;27;32;X1;
v_hee_Operator5;26;32;X1;
v_hee_Operator6;25;32;X1;
v_hee_Operator7;24;32;X1;
v_hee_SetupMATAccessState;21;32;X3;
v_hee_GapFeatures1_0;20;32;X1;
v_hee_Setup_Brix;19;32;X1;
v_hee_Setup_Equalizer;18;32;X1;
v_hee_Setup_SpareDigit;17;32;X1;
v_hee_Setup_Meca;16;32;X1;
v_hee_Setup_Handsfree;15;32;X1;
v_hee_Setup_IRDA;14;32;X1;
v_hee_Slow_Synchro;13;32;X1;
v_hee_SetupVASSMS;12;32;X1;
v_hee_SetupMoses;11;32;X1;
v_hee_SetupSpridge;10;32;X1;
v_hee_NoNetworkInEmergencyIdle;9;32;X1;
v_hee_SetupGames;8;32;X1;
v_hee_Setup_ATP;7;32;X1;
v_hee_SetupDisplayMenuFaxData;6;32;X1;
v_hee_SetupDisplayMenuMailBox;5;32;X1;
v_hee_SetupSSinFDN;4;32;X1;
v_hee_SetupBandIndication;3;32;X1;
v_hee_SetupTraceL1Management;2;32;X1;
v_hee_SetupSwitchVoltFreqManagement;1;32;X1;
v_hee_SetupAvddssManagement;0;32;X1;
(A);;7263d7;3;72601f;
(B);;72c3fb;8;U;
(A);;72bc4a;15;45a2e;
(A);;a57f6;4;a53da;
(A);;72dd1d;3;45a2e;
(A);;726fd0;30;726c28;
(S);;7274a9;32;
v_hee_PlmnMcc1;24;32;X8;
v_hee_PlmnMcc2;16;32;X8;
v_hee_PlmnMnc;8;32;X8;
v_hee_Dummy1;0;32;X8;
(T);Uint8;6a776;6a784;
(A);;72e4cb;12;45a56;
(A);;727eaa;2;45a2e;
(T);s_hee_OamParam;72dfb5;72df9e;
(A);;726027;60;72601f;
(T);st_SavL1cNbDecPagingBurst;72cf3b;72ceb1;
(S);;72a595;32;
v_hee_VoiceMemo;31;32;X1;
v_hee_AlarmStatus;30;32;X1;
v_hee_Vibrator;29;32;X1;
v_hee_TimeFormat;28;32;X1;
v_hee_RingVolume;24;32;X4;
v_hee_KeyToneAlert;23;32;X1;
v_hee_OrganizerAlert;22;32;X1;
v_hee_BatteryLowAlert;21;32;X1;
v_hee_NewMessageAlert;20;32;X1;
v_hee_PlmnMode;17;32;X3;
v_hee_Backlight;15;32;X2;
v_hee_AnyKeyAnswer;14;32;X1;
v_hee_Communication;13;32;X1;
v_hee_Animation;12;32;X1;
v_hee_Contrast;9;32;X3;
v_hee_ClockFormat;8;32;X1;
v_hee_RingerType;1;32;X7;
v_hee_AutomaticLanguage;0;32;X1;
(A);;a52fc;2;6a776;
(A);;729806;3;45a2e;
(A);;726439;3;72601f;
(T);t_hee_AddrParam;7244c1;724471;
(A);;72c7a0;5;45a2e;
(T);s_hee_MelodyParam;72e159;72e140;
(S);;725923;64;
v_Dummy_AOC;3;32;X29;
v_PSXID_Mode;2;32;X1;
v_CTZU_OnOff;1;32;X1;
v_CTZR_OnOff;0;32;X1;
v_PSSTKI_Mode;24;32;X8;
v_AthNoMTDisc;23;32;X1;
v_CNMI_Mode;21;32;X2;
v_CNMI_Mt;19;32;X2;
v_CNMI_Bm;17;32;X2;
v_CNMI_ds;15;32;X2;
v_CNMI_bfr;14;32;X1;
v_SMS_NotifMode;12;32;X2;
v_SR_NotifMode;11;32;X1;
v_TE_MemoryStatus;10;32;X1;
v_PSMEMCAP_Mode;9;32;X1;
v_CPLS_PLMNSelectedList;8;32;X1;
v_CFUNState;4;32;X4;
v_Baudrate;0;32;X4;
(A);;725dd5;4;45a2e;
(S);;72fd35;42400;
s_HeeAudioSectionHeader;0;;1a4c04;
s_HeeAudioSectionParam;64;;5c45d;
(T);t_hee_Features2;7297c3;729665;
(A);;72c61b;22;45a2e;
(A);;727ec8;64;45a2e;
(S);;49257;80;
v_g1;0;;45a38;
v_g2;16;;45a38;
v_offset;32;;45a38;
v_TauModulatoionR;48;;45a38;
v_TauModulatoionD;64;;45a38;
(A);;72cf84;19;45a56;
(A);;72d20b;2;45a2e;
(A);;72641f;3;72601f;
(A);;7275e3;2;45a2e;
(T);t_hee_ImeiParam;72214e;72207d;
(A);;727db5;2;45a2e;
(T);t_hee_SetupParam;72a4e6;72a4ab;
(T);t_hee_atp_PDPContexts;726784;726712;
(A);;72d415;16;45a2e;
(A);;72b63a;10;45a38;
(A);;72e4a0;8;45a2e;
(A);;a5888;4;6a776;
(A);;72725f;36;45a38;
(S);;72be0e;10336;
s_hee_SettingsBitFields;0;;72a7ba;
s_hee_SettingsBitFields1;32;;72aa53;
s_hee_SettingsBitFields2;64;;72acf7;
s_hee_SettingsBitFields3;96;;72aec5;
s_hee_SettingsBitFields4;128;;72afe1;
s_hee_SettingsBitFields5;160;;72b098;
s_hee_QuickSettingsBitFields;192;;72b2b8;
s_hee_AccesoriesBitFields;224;;72b445;
s_hee_DriverBitFields;256;;72b4d6;
v_hee_TotalIcomTimerL1;288;;45a56;
v_hee_TotalIcomTimerL2;320;;45a56;
v_hee_TotalOutgTimerL1;352;;45a56;
v_hee_TotalOutgTimerL2;384;;45a56;
v_hee_TotalCallTimerL1;416;;45a56;
v_hee_TotalCallTimerL2;448;;45a56;
v_hee_LastCallTimeL1;480;;45a56;
v_hee_LastCallTimeL2;512;;45a56;
v_hee_LastCallCostL1;544;;45a56;
v_hee_LastCallCostL2;576;;45a56;
v_hee_EuroConversionCurrency;608;;45a56;
v_hee_SecureClock_S1;640;;45a56;
v_hee_SecureClock_S2;672;;45a56;
v_hee_SecureClkCorruptCnt;704;;45a56;
v_hee_Clock_Save;736;;72b7a7;
v_hee_ClkDelta_Save;800;;72b834;
s_hee_CBMIR;864;;72b65a;
s_hee_CBMI;1024;;72b622;
v_hee_CBMILC;1280;;45a38;
v_hee_CBMILC_PAD;1296;;45a38;
s_hee_Msisdn;1312;;72b8c4;
s_hee_Mboxn;2208;;72b952;
s_hee_CcpE;3104;;72bc6c;
s_hee_ExtE;4064;;72bd8d;
a_hee_Smsp;4896;;72c1cc;
s_hee_Smscb;5344;;72b5ea;
a_hee_FilterSMSCB;5376;;72c1fd;
s_hee_Accessories;6912;;72bb44;
v_hee_CugCurrentIndex;7200;;45a38;
a_hee_CugIndex;7216;;72c25b;
v_hee_MCC;7536;;45a38;
v_hee_MNC;7552;;45a38;
v_hee_District;7568;;45a38;
v_hee_CFU;7584;;45a38;
v_hee_VMWI;7600;;45a38;
v_hee_MaxCountEscalatingTimer;7616;;45a38;
v_hee_ConcatMsgReference;7632;;45a38;
v_hee_FirstDayOfWeek;7648;;45a2e;
v_hee_FirstWeekOfYear;7656;;45a2e;
v_hee_ValidityPeriodeUnit;7664;;45a2e;
v_hee_ValidityPeriodeValue;7672;;45a2e;
v_hee_QuickSettingsIndex;7680;;45a2e;
v_hee_CugNbOfIndex;7688;;45a2e;
a_hee_Signature;7696;;72c403;
v_hee_SmartTimeOutValue;8280;;45a2e;
a_hee_IMSI;8288;;72c447;
v_hee_MessageReference;8352;;45a2e;
v_hee_ImsiLength;8360;;45a2e;
v_hee_DefaultLanguage;8368;;45a2e;
a_hee_VoiceMailNb;8376;;72c4c2;
v_hee_CRTP_SleepMode;8568;;45a2e;
v_hee_MaxMcPerMi;8576;;45a2e;
v_hee_DefaultPollingSTK;8584;;45a2e;
v_hee_CFU_VMI;8592;;45a2e;
v_hee_TimeZone;8600;;45a2e;
v_hee_DST;8608;;45a2e;
v_hee_Equalizer;8616;;45a2e;
a_hee_WelcomeMessage;8624;;72c5a3;
a_hee_GoodbyeMessage;8808;;72c5ca;
a_hee_Eotd_MLC_source;8992;;72c5f1;
a_hee_Eotd_MLC_destination;9168;;72c61b;
v_hee_CountEscalatingTimer;9344;;45a2e;
v_hee_BackupBatChargeCounter;9352;;45a2e;
v_hee_uart1_tx_setting;9360;;45a2e;
v_hee_dummy1;9368;;45a2e;
s_hee_nitz_information;9376;;72bdef;
a_hee_AlarmTime;9888;;72c6ed;
a_hee_Alarm2Time;9936;;72c711;
a_hee_AlarmDate;9984;;72c736;
a_hee_Alarm2Date;10104;;72c75a;
v_hee_USBProfileConfig;10224;;45a2e;
dummy;10232;;72c7a0;
v_hee_USBActiveProfile;10272;;45a56;
s_hee_UartDataFormat;10304;;72b55a;
(A);;7261ec;3;72601f;
(S);;7252fe;32;
v_CrState;31;32;X1;
v_TypeOfAddress;23;32;X8;
v_UserBearerRate;19;32;X4;
v_SyncAsync;18;32;X1;
v_TransferMode;17;32;X1;
v_InfoTrans;14;32;X3;
v_ConnElm;12;32;X2;
v_Crc;11;32;X1;
v_CallMode;9;32;X2;
v_CMEE;7;32;X2;
v_CREGn;5;32;X2;
v_CGREGn;3;32;X2;
v_CSMSService;2;32;X1;
v_CFUNReset;1;32;X1;
v_UrcMode;0;32;X1;
(T);s_hee_AdcDataParam;72f69f;72f685;
(S);;48558;4336;
a_array_0;0;;4855e;
a_array_1;160;;4857b;
a_array_0_single;320;;48598;
a_array_1_single;480;;485bc;
a_driver_0;640;;485e0;
a_driver_1;752;;485fe;
a_driver_0_p_vcm;864;;4861c;
a_driver_1_p_vcm;992;;48640;
a_driver_0_n_vcm;1120;;48664;
a_driver_1_n_vcm;1232;;48689;
v_vcm;1344;;45a8d;
a_auxst_0;1360;;486be;
a_auxst_1;1456;;486dc;
v_ear_diff_gain;1552;;45a8d;
v_ear_p_gain;1568;;45a8d;
v_ear_p_st_gain;1584;;45a8d;
v_ear_n_gain;1600;;45a8d;
v_ear_p_gain_vcm;1616;;45a8d;
v_ear_p_st_gain_vcm;1632;;45a8d;
v_ear_n_gain_vcm;1648;;45a8d;
v_hso_diff_gain;1664;;45a8d;
v_spk_diff_gain;1680;;45a8d;
v_spk_diff_gain_vcm;1696;;45a8d;
a_gain_dac_to_pga;1712;;48802;
a_gain_dac_to_pga_p;1872;;48828;
a_gain_dac_to_pga_n;2032;;48850;
a_gain_dac_to_pga_auxst;2192;;48878;
a_gain_dac_to_pga_auxst_p;2352;;488a4;
a_gain_dac_to_pga_auxst_n;2512;;488d2;
a_pga_offset;2672;;48900;
a_pga_offset_p;2832;;48921;
a_pga_offset_n;2992;;48944;
a_auxst_pga_offset;3152;;48967;
a_auxst_p_pga_offset;3312;;4898e;
a_auxst_n_pga_offset;3472;;489b7;
v_ear_diff_offset;3632;;45a8d;
v_ear_p_offset;3648;;45a8d;
v_ear_p_st_offset;3664;;45a8d;
v_ear_n_offset;3680;;45a8d;
v_ear_p_offset_vcm;3696;;45a8d;
v_ear_p_st_offset_vcm;3712;;45a8d;
v_ear_n_offset_vcm;3728;;45a8d;
v_hso_diff_offset;3744;;45a8d;
v_spk_diff_offset;3760;;45a8d;
v_spk_diff_offset_vcm;3776;;45a8d;
v_auxst_gain_var;3792;;45a8d;
v_auxst_p_gain_var;3808;;45a8d;
v_auxst_abs_dac_off;3824;;45a8d;
v_auxst_abs_pga_off;3840;;45a8d;
v_pga_p_abs_pga_off;3856;;45a8d;
v_auxst_p_abs_dac_off;3872;;45a8d;
v_dac_dc_aux_off_diff;3888;;45a8d;
v_dac_dc_aux_off_p;3904;;45a8d;
v_dac_dc_aux_off_n;3920;;45a8d;
v_vcm_dac_add_offset;3936;;45a8d;
v_vcm_dac_add_offset_p;3952;;45a8d;
v_vcm_dac_add_offset_n;3968;;45a8d;
a_vcm_dac_off_p;3984;;48c69;
a_vcm_dac_off_n;4080;;48c8d;
a_vcm_dac_off_diff;4176;;48cb1;
v_vcm_dac_ref_point;4272;;45a8d;
v_vcm_dac_ref_point_p;4288;;45a8d;
v_vcm_dac_ref_point_n;4304;;45a8d;
v_auxst_stereo_delta;4320;;45a8d;
(S);;72601a;512;
a_text;0;;726027;
v_NitzMcc;480;;45a38;
v_NitzMnc;496;;45a38;
(S);;724800;192;
a_hee_PresetList;0;;724805;
v_hee_FmLastFreq;160;;45a38;
v_hee_FmLastSoundLvl;176;;45a38;
(T);s_hee_WapEncryptedDataParam;72516a;725148;
(T);t_hee_Melody;72e0ef;72e021;
(S);;728270;64;
v_Process;0;;45531;
v_Instance;8;;45516;
v_AllInstance;16;;45a2e;
v_MaxLengthSpecified;24;;45a2e;
v_MaxOutputLength;32;;45a2e;
v_Empty;40;;7282ec;
(A);;7279f8;3;45a2e;
(T);t_hee_SectionIndex;1a4b0b;1a4667;
(S);;729876;192;
v_CallCtrlRedial;31;32;X1;
v_AlphaUssdInCc;30;32;X1;
v_TimerExpiration;29;32;X1;
v_9exxResponse;28;32;X1;
v_MenuSelection;27;32;X1;
v_CbDownload;26;32;X1;
v_PpDownload;25;32;X1;
v_ProfileDownload;24;32;X1;
v_ExtensionText;23;32;X1;
v_Ucs2Display;22;32;X1;
v_Ucs2Entry;21;32;X1;
v_AlphaIdInCc;20;32;X1;
v_MoSmControl;19;32;X1;
v_CellIdInCc;18;32;X1;
v_CallControl;17;32;X1;
v_CommandResult;16;32;X1;
v_Refresh;15;32;X1;
v_PollingOff;14;32;X1;
v_Pollinterval;13;32;X1;
v_PlayTone;12;32;X1;
v_MoreTime;11;32;X1;
v_GetInput;10;32;X1;
v_GetInkey;9;32;X1;
v_DisplayText;8;32;X1;
v_PLINmr;7;32;X1;
v_ProvLocalInfo;6;32;X1;
v_SetupMenu;5;32;X1;
v_SetupCall;4;32;X1;
v_SendUssd;3;32;X1;
v_SendSs;2;32;X1;
v_SendSms;1;32;X1;
v_SelectItem;0;32;X1;
v_EvCardReaderStatus;31;32;X1;
v_EvIdleAvailable;30;32;X1;
v_EvUserActivity;29;32;X1;
v_EvLocationStatus;28;32;X1;
v_EvCallDisconnected;27;32;X1;
v_EvCallConnected;26;32;X1;
v_EvMtCall;25;32;X1;
v_SetupEventList;24;32;X1;
v_RfuByte6;20;32;X4;
v_EvChannelStatus;19;32;X1;
v_EvDataAvailable;18;32;X1;
v_EvBrowserTermination;17;32;X1;
v_EvLanguageSelection;16;32;X1;
v_RfuByte7;13;32;X3;
v_GetReaderIdentifier;12;32;X1;
v_GetReaderStatus;11;32;X1;
v_PerformCardApdu;10;32;X1;
v_PowerOffCard;9;32;X1;
v_PowerOnCard;8;32;X1;
v_2ndCcpInCc;7;32;X1;
v_2ndAlphaIdInSetupCall;6;32;X1;
v_RunAtCommand;5;32;X1;
v_SetupIdleModeText;4;32;X1;
v_BinaryChoiceInGetInkey;3;32;X1;
v_PLIDateAndTime;2;32;X1;
v_TimerMngtCurrentValue;1;32;X1;
v_TimerMngtStartStop;0;32;X1;
v_ProvideLocalInfo;31;32;X1;
v_LaunchBrowser;30;32;X1;
v_LanguageNotification;29;32;X1;
v_ProvideLocalInfoTimingAdvance;28;32;X1;
v_ProvideLocalInfoLanguage;27;32;X1;
v_PLIBcch;26;32;X1;
v_SendDtmfCmd;25;32;X1;
v_SustainedDisplayText;24;32;X1;
v_RfuByte10;16;32;X8;
v_RfuByte11;8;32;X8;
v_RfuByte12;5;32;X3;
v_ChannelStatus;4;32;X1;
v_SendData;3;32;X1;
v_ReceiveData;2;32;X1;
v_CloseChannel;1;32;X1;
v_OpenChannel;0;32;X1;
v_NbChannels;29;32;X3;
v_RfuByte13;26;32;X3;
v_GprsBearer;25;32;X1;
v_CsdBearer;24;32;X1;
v_ScreenSizing;23;32;X1;
v_RfuByte14;21;32;X2;
v_NbCharDown;16;32;X5;
v_SizeFont;15;32;X1;
v_NbCharAcross;8;32;X7;
v_WidthReduction;5;32;X3;
v_RfuByte16;3;32;X2;
v_TextScrolling;2;32;X1;
v_TextWrapping;1;32;X1;
v_ResizeDisplay;0;32;X1;
v_RfuByte17;27;32;X5;
v_TCPSupportedInServerMode;26;32;X1;
v_UDPSupported;25;32;X1;
v_TCPSupported;24;32;X1;
v_RfuByte18;16;32;X8;
v_RfuByte19;8;32;X8;
v_RfuByte20;0;32;X8;
v_RfuByte21;24;32;X8;
v_RfuByte22;17;32;X7;
v_UTRANSupported;16;32;X1;
v_RfuByte23;8;32;X8;
v_RfuByte24;0;32;X8;
(T);t_hau_DspTxOrgan;5c2f4;5c2d9;
(T);t_hee_12NC_Number;72de39;72ddc3;
(A);;7205cf;3;720568;
(T);s_hee_FmSettingParam;7248d5;7248b9;
(S);;7266b0;320;
a_atp_ScAddress;0;;7266b5;
s_atp_CSMPCmd;96;;726624;
(T);t_hwlaud_RxIirFilter;49177;4916b;
(T);t_hee_BtSettingParam;72d62a;72d5e7;
(A);;72bbe7;15;45a2e;
(S);;72b712;64;
v_hee_Year;0;;45a38;
v_hee_Month;16;;45a2e;
v_hee_Date;24;;45a2e;
v_hee_Day;32;;45a2e;
v_hee_Hour;40;;45a2e;
v_hee_Minute;48;;45a2e;
v_hee_dummy;56;;45a2e;
(S);;726081;512;
a_text;0;;726086;
v_NitzMcc;480;;45a38;
v_NitzMnc;496;;45a38;
(A);;72cd39;8;45a2e;
(T);t_hwlaud_DspTxCfg;49ffa;499bb;
(T);t_hee_SettingsBitFields1;72aa53;72a7d9;
(A);;72cb69;4;45a2e;
(A);;724b4b;4;45a38;
(A);;a52d4;2;6a7b2;
(A);;72de58;2;45a2e;
(A);;72648b;1;45a2e;
(T);st_bbl_nvram_clkArfcn;a6c43;a6bef;
(A);;727b87;3;45a2e;
(T);t_hee_WhiteList;726c28;726c04;
(A);;72757b;10;727518;
(T);t_hwlsyn_Xtal;1a5414;1a53c6;
(T);s_hee_GprsStackParam;724d70;724d53;
(T);t_hau_DspRxOrgan;5c2c0;5c28d;
(S);;4911f;528;
v_FilterTapNb;0;;45a8d;
a_RxFilter;16;;49105;
(A);;7263f0;3;72601f;
(A);;48598;10;45a8d;
(A);;a565f;4;a517a;
(A);;72799d;3;45a2e;
(A);;727e16;2;45a2e;
(T);t_hwlaud_RxFilter;49105;490f9;
(A);;72bb63;15;45a2e;
(T);Uint16;6a7b2;6a7c1;
(A);;72e071;13;45a2e;
(A);;72c25b;20;45a38;
(A);;a59b4;11;6a7eb;
(A);;4857b;10;45a8d;
(A);;72fab1;4;45a73;
(S);;725115;64;
s_hee_WapEncryptedDataSectionHeader;0;;1a4c04;
(S);;725b12;64;
v_ToneDuration;18;32;X14;
v_CNAP_n;17;32;X1;
v_DTR_Sleep_Forbidden;15;32;X2;
v_CsnsMode;12;32;X3;
v_CMMSMode;10;32;X2;
v_AlarmIndex;7;32;X3;
v_RI_Shape;6;8;X1;
v_RI_Mask;0;8;X6;
v_PSPNNU_Mode;31;32;X1;
v_PSHDM_Mode;30;32;X1;
v_Dummyu32;28;32;X2;
v_PSPOWER_Value;18;32;X10;
v_Dummyu32_3;0;32;X18;
(A);;49233;4;45a38;
(B);;6a7e2;16;S;
(S);;724b15;80;
v_hee_Enabled;0;;45a2e;
v_hee_CellNumber;8;;45a2e;
a_hee_ArfcnList;16;;724b4b;
(T);t_hee_DataParam;726b0b;726909;
(A);;72bd4a;13;45a2e;
(T);st_SavL1cNbPclTxCounters;72cfb9;72cf5c;
(T);t_hee_GprsStack;724cf8;724b8d;
(A);;72fa8b;4;72fa7f;
(S);;727690;832;
v_hee_PlmnList;0;;727635;
v_hee_BandIndList;640;;727676;
v_hee_Next;800;;45a2e;
v_GAP1;808;;7276d8;
(A);;7265f7;1;45a2e;
(A);;a55ce;7;6a7b2;
(T);t_hee_SetupLanguages;72873e;7284a9;
(A);;72fc51;16;45a2e;
(T);t_hau_UserRxOrgan;5c391;5c35f;
(T);t_hee_UMAConfig;727a13;7279d1;
(B);;6a7a3;8;S;
(A);;726653;12;45a2e;
(S);;48d79;4336;
a_AudioDcCal;0;;48d56;
(A);;48c8d;6;45a8d;
(A);;72646f;2;72601f;
(A);;72ccac;2;45a2e;
(T);t_keyTable;72e24d;72e1f1;
(A);;a586b;4;a538a;
(A);;726718;3;725ffd;
(B);;45a99;16;S;
(A);;485fe;7;45a8d;
(A);;5c3fb;5;5c2f4;
(T);t_hee_FmSettingParam;7248b9;724877;
(S);;72ad18;32;
v_hee_SettingsBitFields3_FILLWORDS3;24;32;X8;
v_hee_SettingsBitFields3_FILLWORDS2;16;32;X8;
v_hee_SettingsDCSState;15;32;X1;
v_hee_SettingsEGSMState;14;32;X1;
v_hee_SettingsGSMState;13;32;X1;
v_hee_SettingsGSM850State;12;32;X1;
v_hee_SettingsPCS1900State;11;32;X1;
v_hee_NOISEVOID_switch;10;32;X1;
v_hee_LIFEVIBESVOICECLARITY_switch;9;32;X1;
v_hee_Eotd_activation;8;32;X1;
v_hee_Eotd_rate;0;32;X8;
(A);;7276d8;3;45a2e;
(S);;728119;64;
v_hee_TraceCheckSum;0;;45a2e;
v_hee_TraceNumber;8;;45a2e;
v_hee_TraceSectionSize;16;;45a38;
v_hee_TraceSignature;32;;45a56;
(T);t_hee_Features;728b17;72875a;
(A);;72bb84;15;45a2e;
(A);;491ba;20;45a8d;
(T);st_SavIMEI;72cd5d;72cced;
(T);t_hee_AdcDataParam;72f685;72f201;
(S);;1a54b0;32;
v_RefOnReg;0;;45a2e;
dummy;8;;1a54c9;
(T);t_hee_SettingsBitFields5;72b098;72b002;
(T);s_hee_ImeiParam;722164;72214e;
(T);t_hwlaud_DspRxCfg;499a1;494b3;
(A);;48921;10;45a8d;
(A);;72ddf1;2;45a2e;
(T);t_hee_DeviceInformation;72d4ce;72d3cb;
(A);;a5a51;82;6a7b2;
(S);;726909;4992;
s_hee_DataSectionHeader;0;;1a4c04;
s_hee_DateTime1;64;;7268f2;
s_hee_DateTime2;128;;7268f2;
s_hee_DateTime3;192;;7268f2;
s_hee_DateTime4;256;;7268f2;
s_hee_DateTime5;320;;7268f2;
s_hee_CmuxSettings;384;;726859;
s_atp_Context;448;;726236;
s_atp_CurrentProfile;736;;7262e8;
s_atp_Profile0;832;;72639e;
s_atp_Profile1;928;;72639e;
s_atp_SmsSettingsCurrentProfile;1024;;72668c;
s_atp_SmsSettingsProfile0;1344;;7266ee;
s_atp_SmsSettingsProfile1;1664;;7266ee;
s_hee_atp_PDPContexts;1984;;726784;
v_CR11;3936;;45a2e;
v_GAP_End;3944;;726ab5;
v_ant_NitzFullName;3968;;726066;
v_ant_NitzShortName;4480;;7260c5;
(A);;72fa1e;4;72fa12;
(A);;727d94;2;45a2e;
(T);stBblRfNvramRssiParam;a510d;a50bb;
(S);;a6bef;8240;
version;0;;6a7b2;
switchLevel;16;;a6c06;
clkArfcn;48;;a6c25;
(A);;72cba8;1;45a2e;
(A);;7263bf;3;72601f;
(S);;72e41a;672;
s_hee_HotKeysSectionHeader;0;;1a4c04;
s_hee_HotKeysBitfield;64;;72e39a;
s_hee_UCS2Bitfield;96;;72e3ff;
a_hee_HotKeysTable;128;;72e47a;
a_hee_HotKeysIMSINumber;224;;72e4a0;
a_hee_QuickDialTable;288;;72e4cb;
(T);s_hee_KbdParam;72e2b9;72e2a2;
(T);st_SavRepair;72cded;72cd6f;
(S);;729561;32;
v_hee_FirstCodecPriority;28;32;X4;
v_hee_SecondCodecPriority;24;32;X4;
v_hee_ThirdCodecPriority;20;32;X4;
v_hee_FourthCodecPriority;16;32;X4;
v_hee_FifthCodecPriority;12;32;X4;
v_hee_FillCodecPriority;0;32;X12;
(S);;72630b;96;
s_hee_DataBitFields1;0;;7256a6;
v_S0;32;;45a2e;
v_S1;40;;45a2e;
v_S3;48;;45a2e;
v_S4;56;;45a2e;
v_S5;64;;45a2e;
v_S7;72;;45a2e;
v_S8;80;;45a2e;
v_S10;88;;45a2e;
(A);;72bd08;13;45a2e;
(T);t_hee_ProductionParam;72805b;728023;
(A);;72620b;1;45a2e;
(A);;72bc08;15;45a2e;
(A);;720728;3;45a2e;
(S);;727613;640;
v_hee_Plmn;0;;727618;
(T);t_hee_ClkDateTime;72b7a7;72b712;
(T);t_hee_WapEncryptedDataParam;725148;725115;
(T);t_hee_IpStackParam;724747;724571;
(A);;48878;10;45a8d;
(A);;727286;6;45a2e;
(T);t_hee_GprsStackParam;724d53;724d10;
(S);;a50bb;192;
rssiGainFctOfArfcn;0;;a50c0;
rssiThresholdArfcn;64;;a50e6;
(S);;72d3cb;768;
a_hee_BTAddress;0;;72d3d0;
a_hee_DeviceName;48;;72d3f2;
a_hee_LinkKey;568;;72d415;
v_hee_PinCodeSize;696;;45a2e;
v_hee_Trust;704;;45a10;
v_hee_Busy;712;;45a10;
v_hee_SpeakerVolume;720;;45a2e;
v_hee_MicroVolume;728;;45a2e;
v_hee_DeviceClass;736;;45a56;
(T);t_atp_EepromCurrentProfile;7262e8;726255;
(T);t_ant_NitzFullName;726066;72601a;
(S);;72c80f;10400;
s_hee_SettingSectionHeader;0;;1a4c04;
s_hee_Setting;64;;72c7f9;
(T);s_hee_DataParam;726b23;726b0b;
(T);t_hee_SettingsBitFields2;72acf7;72aa74;
(A);;a5744;16;6a7b2;
(A);;72f9b1;4;45a38;
(A);;1a53cc;1251;45a8d;
(A);;72de16;8;45a2e;
(B);;726bc1;8;U;
(T);t_hee_Uart_Data_Format;72b55a;72b4f3;
(S);;727576;320;
v_hee_EmCallEcPlmn;0;;72757b;
(T);t_atp_RelativeTime;726544;7264cb;
(T);t_hwlaud_BblVolumeTable;491ef;491e3;
(A);;72f90b;2;45a2e;
(A);;726453;3;72601f;
(S);;726874;64;
v_Year;0;;45a38;
v_Month;16;;45a2e;
v_Day;24;;45a2e;
v_Recurr;32;;45a2e;
v_Hour;40;;45a2e;
v_Minutes;48;;45a2e;
v_Seconds;56;;45a2e;
(A);;72cf62;18;45a56;
(S);;72f739;1792;
s_hee_BatSectionHeader;0;;1a4c04;
v_hee_VoltageMaxToCharge;64;;45a8d;
v_hee_TempMinToCharge;80;;45a73;
v_hee_TempMaxToCharge;88;;45a73;
v_hee_TempMinToRestartCharge;96;;45a73;
v_hee_TempMaxToRestartCharge;104;;45a73;
v_hee_VpSelect;112;;45a2e;
v_hee_VpSelectInCall;120;;45a2e;
v_hee_CMainTimerEndCharge;128;;45a38;
v_hee_CUSBTimerEndCharge;144;;45a38;
v_hee_CTLIMVoltageRestart;160;;45a38;
v_hee_CStopChargeFeature;176;;45a2e;
v_hee_CAutoResume;184;;45a2e;
v_hee_CResumeVoltageRestart;192;;45a38;
dummy1;208;;72f90b;
v_hee_CMainCurrentRateLow;224;;45a2e;
v_hee_CMainCurrentRateHigh;232;;45a2e;
v_hee_CUSBCurrentRateLow;240;;45a2e;
v_hee_CUSBCurrentRateHigh;248;;45a2e;
a_hee_MainIntermediateTimeOut;256;;72f9b1;
a_hee_USBIntermediateTimeOut;320;;72f9e2;
a_hee_MainChargeLevel;384;;72fa1e;
a_hee_MainChargeThesholdType;640;;72fa51;
a_hee_USBChargeLevel;768;;72fa8b;
a_hee_USBChargeThesholdType;1024;;72fabd;
v_hee_DischargeLevel3;1152;;45a8d;
v_hee_DischargeLevel2;1168;;45a8d;
v_hee_DischargeLevel1;1184;;45a8d;
v_hee_DischargeLevel0;1200;;45a8d;
a_hee_DischargeLevelCompensator;1216;;72fb77;
v_hee_BacklightCompensation;1536;;45a8d;
v_hee_TxDropForLowvolt;1552;;45a8d;
v_hee_TxDropForSwitchOff;1568;;45a8d;
dummy4;1584;;72fc13;
v_hee_VbatSIMUVSwitchOff;1600;;45aa2;
dummy3;1632;;72fc51;
v_hee_VoltageFlat;1760;;45a56;
(S);;7256c3;32;
v_PSNTRG_Mode;31;32;X1;
v_PSCIPH_Mode;30;32;X1;
v_PSNWID_Mode;29;32;X1;
v_PSUTTZ_Mode;28;32;X1;
v_PSHZNT_Mode;27;32;X1;
v_CGEREP_Bfr;26;32;X1;
v_CGEREP_Mode;24;32;X2;
v_CMER_IndicatorReport;22;32;X2;
v_CMER_Mode;19;32;X3;
v_RegisterInAutomaticMode;18;32;X1;
v_CMGFMode;17;32;X1;
v_CSDH;16;32;X1;
v_CharSet;13;32;X3;
v_COLP_n;12;32;X1;
v_CSSN_m;11;32;X1;
v_CSSN_n;10;32;X1;
v_CLIP_n;9;32;X1;
v_CLIR_n;7;32;X2;
v_PSCSSC_Mode;6;32;X1;
v_PSFSNT_Mode;5;32;X1;
v_PSCSCN_Mode;3;32;X2;
v_CAOC_Mode;1;32;X2;
v_CCWE_Mode;0;32;X1;
(S);;72d737;20032;
s_hwlsyn_Xtal;0;;1a5414;
(S);;727a2b;2752;
s_hee_GsmStackSectionHeader;0;;1a4c04;
v_hee_plmn;64;;727518;
v_hee_baBitMap;96;;7275fd;
s_hee_MsPowerInf;672;;727492;
v_hee_PlmnBandIndList;704;;7276f3;
v_hee_EquivalentPlmnList;1536;;727556;
s_hee_A5CipheringAlgoSupport;1728;;727823;
s_hee_GEAAlgoSupport;1760;;727961;
s_hee_EnabledRAT;1792;;7279b8;
v_hee_EmCallEcPlmnList;1824;;7275a0;
v_hee_UMAConfig;2144;;727a13;
v_hee_vp_CGATCSREJMode;2176;;45a2e;
v_GAP4;2184;;727b87;
a_hee_last_nbr_cells;2208;;727ba2;
v_hee_Sim900_Status;2736;;45a2e;
v_hee_Numof_Neighborcells;2744;;45a2e;
(T);s_hee_GsmStackParam;727c2a;727c0e;
(S);;a5353;32;
txFreqOffset;0;;6a7b2;
txFreqBiasPclMask;16;;6a7b2;
(T);t_atp_TimeInfo;726587;72655f;
(A);;72675d;3;45a2e;
(A);;a578c;4;a52a1;
(A);;a59d6;4;6a7eb;
(A);;1a54c9;3;45a2e;
(A);;a57d0;4;6a776;
(T);t_hee_BtSetting;72d5cf;72d4ed;
(S);;72c904;64;
s_hee_SpeechSectionHeader;0;;1a4c04;
(A);;72ca2a;2;45a2e;
(S);;7279d1;32;
v_hee_MinRxLevForHandOut;0;;45a2e;
v_GAP2;8;;7279f8;
(S);;72d6ea;32;
s_hwlgpm;0;;1a549c;
(T);t_hee_MTX_oam_Section;72db20;72d9ab;
(A);;a56f1;16;6a776;
(A);;727e36;3;45a2e;
(A);;486dc;6;45a8d;
(T);s_hee_SectionIndex;72fecf;72fec9;
(T);t_hee_MinMax;720568;720520;
(A);;727f0d;8;45a2e;
(T);s_hee_BtSettingParam;72d647;72d62a;
(A);;48640;8;45a8d;
(S);;72f201;1216;
s_hee_AdcDataSectionHeader;0;;1a4c04;
v_hee_BatteryVoltageCoefAuxadc;64;;45a56;
v_hee_BatteryVoltageOffsetAuxadc;96;;45aa2;
v_hee_BatteryVoltageCoefGpadc;128;;45a56;
v_hee_BatteryVoltageOffsetGpadc;160;;45aa2;
v_hee_TempGain;192;;45a56;
v_hee_TempCoef1;224;;45aa2;
v_hee_TempCoef2;256;;45aa2;
v_hee_TempCoef3;288;;45aa2;
v_hee_TempConstant1;320;;45aa2;
v_hee_TempConstant2;352;;45aa2;
v_hee_TempConstant3;384;;45aa2;
v_hee_TemperatureLsbHigh;416;;45a56;
v_hee_TemperatureLsbLow;448;;45a56;
v_hee_ChargeCurrentCoef;480;;45a56;
v_hee_ChargeCurrentOffset;512;;45aa2;
v_hee_AudioCoef;544;;45a56;
v_hee_AudioOffset;576;;45aa2;
v_hee_TempOffset;608;;45aa2;
v_hee_TempCalProd;640;;45a56;
v_hee_TempOffsetTemp;672;;45aa2;
v_hee_TempGainTemp;704;;45aa2;
v_hee_ADC2_TempGain;736;;45a56;
v_hee_ADC2_TempOffset;768;;45aa2;
v_hee_ADC2_TempCoef1;800;;45aa2;
v_hee_ADC2_TempCoef2;832;;45aa2;
v_hee_ADC2_TempCoef3;864;;45aa2;
v_hee_ADC2_TempConstant1;896;;45aa2;
v_hee_ADC2_TempConstant2;928;;45aa2;
v_hee_ADC2_TempConstant3;960;;45aa2;
v_hee_ADC2_TemperatureLsbHigh;992;;45a56;
v_hee_ADC2_TemperatureLsbLow;1024;;45a56;
v_hee_TempImpedance1;1056;;45a56;
v_hee_TempImpedance2;1088;;45a56;
v_hee_TempGradDuetoPcb;1120;;45a56;
v_hee_VAna;1152;;45a56;
v_hee_RAna;1184;;45a56;
(A);;a5a6b;30;6a7b2;
(A);;725d8d;1;45a2e;
(A);;48cb1;6;45a8d;
(A);;4920f;4;45a38;
(T);t_hee_BandIndList;727676;72764b;
(T);t_hee_LED_sparktime;726c6c;726c3f;
(T);t_hee_CharBatParam;72fc89;72f739;
(S);;7264cb;192;
v_NbMinutes;0;;45a2e;
v_NbHours;8;;45a2e;
v_NbDays;16;;45a2e;
v_NbWeeks;24;;45a2e;
v_Gap_RelativeTime;32;;72651d;
(S);;72659e;224;
s_hee_SmsVp;0;;726587;
v_hee_Smsfo;192;;45a2e;
v_hee_SmsPid;200;;45a2e;
v_hee_SmsDcs;208;;45a2e;
v_GAP_SmsSettingsProfile;216;;7265f7;
(A);;72bd6b;13;45a2e;
(A);;72bbc6;15;45a2e;
(A);;7283bf;100;45531;
(S);;72ce01;64;
v_hee_Center;0;;45a38;
v_hee_Day;16;;45a2e;
v_hee_Month;24;;45a2e;
v_hee_Year;32;;45a38;
v_hee_Counter;48;;45a2e;
v_GAP_SavDownloading;56;;72ce6f;
(T);st_bbl_nvram_rf;a5a09;a54d3;
(T);t_hee_CellLock;724afe;724a8b;
(S);;72b467;32;
v_RFU4;24;32;X8;
v_RFU3;16;32;X8;
v_RFU2;8;32;X8;
v_RFU1;1;32;X7;
v_hee_ClockReset;0;32;X1;
(S);;72a4ab;768;
s_hee_SetupSectionHeader;0;;1a4c04;
s_hee_Setup;64;;72a497;
(A);;72c711;6;45a2e;
(A);;a57ae;4;a5325;
(T);t_hee_BaBitMap;7275fd;7275be;
(S);;72207d;320;
s_hee_ImeiSectionHeader;0;;1a4c04;
v_hee_Tac;64;;7220a3;
v_hee_Fac;88;;45a2e;
v_hee_Snr;96;;7220d2;
v_hee_CheckDigit;120;;45a2e;
v_hee_Dummy;128;;722109;
v_hee_CryptedIMEI;192;;722128;
(A);;72c6ed;6;45a2e;
(T);t_hee_MultiImsi;720600;72057d;
(A);;722109;8;45a2e;
(S);;7284a9;32;
v_German;31;32;X1;
v_English;30;32;X1;
v_Italian;29;32;X1;
v_French;28;32;X1;
v_Spanish;27;32;X1;
v_Dutch;26;32;X1;
v_Swedish;25;32;X1;
v_Danish;24;32;X1;
v_Portuguese;23;32;X1;
v_Finnish;22;32;X1;
v_Norwegian;21;32;X1;
v_Greek;20;32;X1;
v_Turkish;19;32;X1;
v_Hungarian;18;32;X1;
v_Polish;17;32;X1;
v_Czech;16;32;X1;
v_Slovakia;15;32;X1;
v_Russian;14;32;X1;
v_Indonesia;13;32;X1;
v_Arabic;12;32;X1;
v_SimplifiedChinese;11;32;X1;
v_TraditionalChinese;10;32;X1;
v_Hebrew;9;32;X1;
v_Lithuanian;8;32;X1;
v_Romanian;7;32;X1;
v_Thai;6;32;X1;
v_Estonian;5;32;X1;
v_Latvian;4;32;X1;
v_RFU;0;32;X4;
(A);;724c02;9;45a2e;
(A);;a50c0;8;6a795;
(T);t_hee_MelodyParam;72e140;72e102;
(A);;a594e;12;6a7eb;
(A);;4855e;10;45a8d;
(T);s_hee_SetupParam;72a4ff;72a4e6;
(S);;72de53;128;
v_hee_SAV_Tester_Number;0;;72de58;
v_hee_PA_Type;16;;45a2e;
v_hee_SpareL7A;24;;72de9a;
(S);;727711;32;
v_hee_A5_1_support;7;8;X1;
v_hee_A5_2_support;6;8;X1;
v_hee_A5_3_support;5;8;X1;
v_hee_A5_4_support;4;8;X1;
v_hee_A5_5_support;3;8;X1;
v_hee_A5_6_support;2;8;X1;
v_hee_A5_7_support;1;8;X1;
v_hee_NotUsed;0;8;X1;
v_GAP;8;;727809;
(A);;72de9a;13;45a2e;
(A);;72d564;10;72d4ce;
(A);;48850;10;45a8d;
(A);;727f4f;10;45a2e;
(A);;7275c3;70;45a2e;
(A);;7220d2;3;45a2e;
(T);t_hee_CodeStruct;720508;720499;
(A);;72ca02;18;45a2e;
(A);;48900;10;45a8d;
(T);t_hee_nitz_information;72bdef;72bda0;
(A);;72c403;73;72c3fb;
(A);;72cc54;2;45a2e;
(T);t_hwlaud_RxFirFilter;4914e;4911f;
(A);;72bce7;13;45a2e;
(T);t_hee_SettingsBitFields;72a7ba;72a595;
(T);t_atp_CurrentRegisters;726236;7260e1;
(T);t_hee_WapDataParam;725248;72521e;
(T);t_hee_CcpE;72bc6c;72bb5e;
(S);;1a4b9b;64;
v_hee_CheckSum;0;;45a2e;
v_hee_Version;8;;45a2e;
v_hee_SectionSize;16;;45a38;
v_hee_Signature;32;;45a56;
(T);t_hee_GEAAlgoSupport;727961;727848;
(T);s_hee_EepromBaseBand;72d8a1;72d840;
(A);;a6c06;4;6a795;
(S);;72bc7f;832;
a_hee_Record1;0;;72bc84;
a_hee_Record2;104;;72bca5;
a_hee_Record3;208;;72bcc6;
a_hee_Record4;312;;72bce7;
a_hee_Record5;416;;72bd08;
a_hee_Record6;520;;72bd29;
a_hee_Record7;624;;72bd4a;
a_hee_Record8;728;;72bd6b;
(A);;727ba2;33;45a38;
(S);;72a7d9;32;
v_hee_Alarm2Status;31;32;X1;
v_hee_Alarm2ClockOnce;30;32;X1;
v_hee_AlarmClockOnce;29;32;X1;
v_hee_ALSLineFlag;28;32;X1;
v_hee_CFUPromptFlag;27;32;X1;
v_hee_AskForStatusReport;26;32;X1;
v_hee_RecordSentMessages;25;32;X1;
v_hee_DefaultReplyPath;24;32;X1;
v_hee_ReconfKeyPadLock;22;32;X2;
v_hee_AVC_Comp;20;32;X2;
v_hee_CLIR;18;32;X2;
v_hee_AccessLevel;16;32;X2;
v_hee_UserVolume;12;32;X4;
v_hee_EarpieceVolume;8;32;X4;
v_hee_CCBS;7;32;X1;
v_hee_KeyPadLock;4;32;X3;
v_hee_CurrentLineL1L2;3;32;X1;
v_hee_AutoRedial;2;32;X1;
v_hee_ShowInfoEndOfCall;1;32;X1;
v_hee_CallReminder;0;32;X1;
(S);;720499;96;
a_Value;0;;72049e;
v_Status;64;;45a2e;
v_Location;72;;45a2e;
v_Counter;80;;45a2e;
v_MaxCounter;88;;45a2e;
(A);;48967;10;45a8d;
(A);;72ccf2;8;45a2e;
(S);;7290cd;160;
v_RFU3;24;32;X8;
v_hee_QoSMeanRequested;16;32;X8;
v_RFU2;15;32;X1;
v_hee_QoSPeakRequested;11;32;X4;
v_hee_QoSReliabilityRequested;8;32;X3;
v_hee_2PDPManagement;7;32;X1;
v_hee_QoSDelayRequested;4;32;X3;
v_hee_QoSPeakMin;0;32;X4;
v_hee_QosTrafficClass;29;32;X3;
v_hee_QosDeliveryOrder;27;32;X2;
v_hee_QosDeliveryErrSDU;24;32;X3;
v_hee_QosMaxSDUSize;16;32;X8;
v_hee_QosMaxULBitRate;8;32;X8;
v_hee_QosMaxDLBitRate;0;32;X8;
v_hee_QosResidualBER;28;32;X4;
v_hee_QosSDUErrorRatio;24;32;X4;
v_hee_QosTransferDelay;18;32;X6;
v_hee_QosTrafficHandling;16;32;X2;
v_hee_QosGuaranteedULBitRate;8;32;X8;
v_hee_QosGuaranteedDLBitRate;0;32;X8;
v_hee_QosMinTrafficClass;29;32;X3;
v_hee_QosMinDeliveryOrder;27;32;X2;
v_hee_QosMinDeliveryErrSDU;24;32;X3;
v_hee_QosMinMaxSDUSize;16;32;X8;
v_hee_QosMinMaxULBitRate;8;32;X8;
v_hee_QosMinMaxDLBitRate;0;32;X8;
v_hee_QosMinResidualBER;28;32;X4;
v_hee_QosMinSDUErrorRatio;24;32;X4;
v_hee_QosMinTransferDelay;18;32;X6;
v_hee_QosMinTrafficHandling;16;32;X2;
v_hee_QosMinGuaranteedULBitRate;8;32;X8;
v_hee_QosMinGuaranteedDLBitRate;0;32;X8;
(A);;726f88;11;726be7;
(A);;72fb77;10;72fb6b;
(T);s_hee_WapDataParam;725261;725248;
(A);;72fa45;4;45a73;
(T);s_hee_SimLocked;7207d8;7207c0;
(T);s_hee_SettingParam;72c86a;72c84f;
(A);;72b933;28;45a2e;
(T);t_hee_A5CipheringAlgoSupport;727823;727711;
(S);;72983a;32;
v_hee_SecureClock_S3;0;;45a56;
(T);t_hee_ExtE;72bd8d;72bc7f;
(A);;727df6;2;45a2e;
(A);;4898e;10;45a8d;
(S);;72547c;32;
v_CVHUMode;30;32;X2;
v_Echo;29;32;X1;
v_SuppressResult;28;32;X1;
v_Verbose;27;32;X1;
v_ExtendedResultCode;24;32;X3;
v_DSRcontrol;23;32;X1;
v_RTScontrol;22;32;X1;
v_DTRBehaviour;20;32;X2;
v_PSCallConnectDisconnect;19;32;X1;
v_PSAlternateLineService;17;32;X2;
v_PSVoiceMsgWaiting;16;32;X1;
v_PSDivCallIndNotification;15;32;X1;
v_PSServiceAvailability;14;32;X1;
v_DcdControl;13;32;X1;
v_FlowControlDCEbyDTE;11;32;X2;
v_FlowControlDTEbyDCE;9;32;X2;
v_FlowControl;6;32;X3;
v_Fclass;5;32;X1;
v_Dummyu32;0;32;X5;
(A);;72651d;20;45a2e;
(S);;726c04;344;
a_PhoneNumber;0;;726c09;
(A);;48664;7;45a8d;
(A);;72e3d8;2;45a2e;
(T);t_hee_OamParam;72df9e;72ded7;
(T);t_hee_ReverseCellLock;724b6f;724b15;
(T);t_hee_Plmn;727518;7274a9;
(A);;a56c8;16;6a7b2;
(T);t_hee_SmspRecord;72b6f9;72b66e;
(T);Sint8;6a795;6a7a3;
(A);;72cc28;2;45a2e;
(A);;72705e;4;45a2e;
(T);t_hee_SavParam;72d15d;72cfd9;
(S);;72057d;320;
v_Mcc;0;;45a38;
v_Mnc;16;;45a38;
s_Ns1Ns2;32;;720568;
a_ImsiD6toD15;64;;7205b0;
a_Gid1;192;;7205cf;
a_Gid2;288;;7205e7;
(A);;a6c25;1024;6a776;
(S);;72b2dd;32;
v_hee_MicroGain;28;32;X4;
v_hee_SpeakerGain;24;32;X4;
v_hee_MeloVolumeLevel;20;32;X4;
v_hee_CarKitMelody;17;32;X3;
v_hee_CarKitpowerDown1;16;32;X1;
v_hee_CarKitpowerDown;8;32;X8;
v_hee_AutoVolumeControl;7;32;X1;
v_hee_CarKitConnectedOnce;6;32;X1;
v_hee_AutoPowerDown;4;32;X2;
v_hee_Speakers;3;32;X1;
v_hee_AutoAnswer;0;32;X3;
(T);s8;45a73;45a7e;
(T);t_hee_PlmnList;727635;727613;
(S);;494b3;1488;
v_ConfigDnControl;0;;45a8d;
v_CodecDnControl;16;;45a8d;
v_CodecDnGain;32;;45a8d;
v_CodecSdtGainOffset;48;;45a8d;
v_PcmControl;64;;45a38;
v_DlGain;80;;45a38;
v_AuVolume;96;;45a8d;
v_DlTau;112;;45a8d;
v_AuDlFacGain;128;;45a8d;
s_RxFirFilter;144;;4914e;
a_RxIirfilter;672;;49177;
v_PkLimit;832;;45a8d;
v_PkRecovery;848;;45a8d;
v_PkPostGain;864;;45a8d;
v_VcPostGain;880;;45a8d;
v_VcLimiterThr;896;;45a8d;
v_VcCompThr;912;;45a8d;
v_VcGateThr;928;;45a8d;
v_VcCompIndex;944;;45a38;
v_AngAttenRise;960;;45a38;
v_AngAttenFall;976;;45a38;
v_AngAttenMinGain;992;;45a38;
v_AngFastTauRise;1008;;45a38;
v_AngFastTauFall;1024;;45a38;
v_AngSlowTauRise;1040;;45a38;
v_AngSlowTauFall;1056;;45a38;
v_AngVadOffset;1072;;45a38;
v_AngVadSoftRelease;1088;;45a38;
v_AngCnGain;1104;;45a38;
v_FmEnhancerFeedback1;1120;;45a38;
v_FmEnhancerFeedForward1;1136;;45a38;
v_FmEnhancerFeedback2;1152;;45a38;
v_FmDriveCoef;1168;;45a38;
v_FmWet;1184;;45a38;
v_FmDry;1200;;45a38;
v_FmBoostThreshold;1216;;45a38;
v_FmBoostAmount_H;1232;;45a38;
v_FmBoostAmount_L;1248;;45a38;
v_FmBoostLimit;1264;;45a38;
v_FmMinLimitCycle;1280;;45a38;
v_FmMixGain1;1296;;45a38;
v_FmMixGain2;1312;;45a38;
v_FmMixGain3;1328;;45a38;
v_DlHarmonizerAlpha;1344;;45a38;
v_DlHarmonizerAlphaMidi;1360;;45a38;
v_dlNsAlpha;1376;;45a8d;
v_dlNsLn;1392;;45a8d;
v_dlNsK;1408;;45a8d;
v_dlNsTauR;1424;;45a8d;
v_dlNsTauD;1440;;45a8d;
v_dlNsLamda;1456;;45a8d;
v_dlNsTauF;1472;;45a8d;
(T);st_date;72cb3b;72caf9;
(A);;72d4f3;65;45a2e;
(S);;48dae;496;
v_AuDeltaIBF;0;;45a8d;
v_AuDeltaOBE;16;;45a8d;
v_AuNoiseFactor;32;;45a8d;
v_AuCalTransient;48;;45a8d;
v_AuRxFifoWmark;64;;45a8d;
v_AuRxFifoWmarkGprs;80;;45a8d;
v_AuTxFifoWmark8k;96;;45a8d;
v_AuTxFifoWmark40k;112;;45a8d;
v_AuDaiClockRate;128;;45a8d;
v_AuCodecSlipMonEnable;144;;45a8d;
v_AuCodecSlipSamples;160;;45a8d;
v_AuCodecSlipMask;176;;45a8d;
v_AuCodecSlipThresh;192;;45a8d;
v_AuCodecSlipT2;208;;45a8d;
v_AuRampStep;224;;45a8d;
v_AuCR_DL_Gain;240;;45a8d;
v_AuCR_UL_Gain;256;;45a8d;
v_AuCrToneAmplitude;272;;45a8d;
v_AuCrToneDuration;288;;45a8d;
v_AuCrToneConfig;304;;45a8d;
v_AuDspSTLag;320;;45a8d;
v_AuDspSTGain;336;;45a8d;
v_AuA2dpBitPool;352;;45a8d;
v_AuEqualizerDelta;368;;45a8d;
v_AuImageFactor;384;;45a8d;
v_AuImageGain;400;;45a8d;
v_AuAcd_Reserved0;416;;45a8d;
v_AuAcd_Reserved1;432;;45a8d;
v_AuAcd_Reserved2;448;;45a8d;
v_AuAcd_Reserved3;464;;45a8d;
v_AuAntiPopBufAct;480;;45a8d;
(A);;72d3d0;6;45a2e;
(A);;72e371;2;45a2e;
(T);t_hee_PlmnBandIndList;7276f3;727690;
(T);t_hee_Features4;72985e;72983a;
(A);;72bba5;15;45a2e;
(T);t_hwlaud_Dses;492c1;49257;
(S);;724d10;608;
s_hee_GprsStackSectionHeader;0;;1a4c04;
s_hee_GprsStack;64;;724cf8;
(T);u32;45a56;45a62;
(A);;72d946;6;45a2e;
(A);;a5726;4;a571a;
(T);t_hee_FmSetting;724861;724800;
(S);;724877;256;
s_hee_FmSettingsSectionHeader;0;;1a4c04;
s_hee_Setting;64;;724861;
(S);;72e102;2048;
s_hee_MelodySectionHeader;0;;1a4c04;
s_hee_Melody;64;;72e0ef;
(A);;72dc50;6;45a2e;
(A);;72b916;28;45a2e;
(T);t_hee_SimLocked;7207c0;720618;
(T);t_hee_DataBitFields3;725af5;725923;
(S);;4945d;48;
v_speed;0;;45a38;
v_timeout;16;;45a38;
v_threshold;32;;45a38;
(S);;72dc8f;128;
v_hee_ProductionLocation;0;;72dc94;
v_hee_HardVersion;16;;45a2e;
v_hee_Week;24;;45a2e;
v_hee_Year;32;;45a38;
v_hee_LineNumber;48;;45a2e;
v_hee_Number;56;;72dd1d;
v_hee_ConfigLine;80;;45a2e;
v_hee_ConfigWeek;88;;45a2e;
v_hee_ConfigYear;96;;45a38;
v_hee_ConfigIndication;112;;45a38;
(A);;724ade;4;45a38;
(T);t_hee_Smscb;72b5ea;72b579;
(A);;72b6ab;12;45a2e;
(S);;724571;448;
s_hee_IpStackSectionHeader;0;;1a4c04;
v_hee_GsmTCPRecWndSize;64;;45a56;
v_hee_GprsTCPRecWndSize;96;;45a56;
v_hee_WlanTCPRecWndSize;128;;45a56;
v_hee_EspTCPRecWndSize;160;;45a56;
v_hee_SpiTCPRecWndSize;192;;45a56;
v_hee_ProtocolMask;224;;45a56;
v_hee_GsmMTU;256;;45a38;
v_hee_GprsMTU;272;;45a38;
v_hee_WlanMTU;288;;45a38;
v_hee_EspMTU;304;;45a38;
v_hee_SpiMTU;320;;45a38;
v_hee_Padding;336;;45a38;
v_hee_TraceLevel;352;;45a2e;
v_Gap;360;;7246f9;
v_hee_IpFilterCb;384;;45a56;
v_hee_FirewallCb;416;;45a56;
(T);t_hwlaud_SelEsX;4921b;4920f;
(A);;72cd15;8;45a2e;
(A);;72054d;2;45a2e;
(T);t_hee_AudioParam;72fd7d;72fd35;
(S);;72e25f;1536;
s_hee_KbdSectionHeader;0;;1a4c04;
v_keyTable;64;;72e285;
(A);;727cf3;12;45a2e;
(T);t_hee_Trace;728409;728321;
(T);t_hee_FilterSMSCB;72b99d;72b966;
(A);;a512f;2;6a795;
(A);;7205e7;1;720568;
(S);;72caf9;32;
v_hee_day;0;;45a2e;
v_hee_month;8;;45a2e;
v_hee_year;16;;45a38;
(A);;72d0fd;4;45a2e;
(T);t_hee_Setting;72c7f9;72be0e;
(A);;72d96b;6;45a2e;
(A);;7281ad;5;45548;
(S);;724471;576;
s_hee_AddrSectionHeader;0;;1a4c04;
a_hee_ConvSectionTable;64;;724497;
(T);t_hee_EepromBaseBand;72d840;72d763;
(A);;a563f;4;a510d;
(A);;72b8de;28;45a2e;
(S);;72e021;1984;
a_hee_UserMelody;0;;72e027;
a_hee_OperatorMelody;800;;72e04a;
a_hee_OperatorName;1856;;72e071;
v_hee_UserMelody;1960;;45a2e;
v_hee_OperatorMelody;1968;;45a2e;
v_hee_MelodyIndex;1976;;45a2e;
(A);;5c41a;7;5c2c0;
(T);t_hwlgpm_Band;1a549c;1a547e;
(A);;48802;10;45a8d;
(T);s_hee_SavParam;72d174;72d15d;
(A);;724c1f;14;45a2e;
(T);t_Xtal;72d755;72d737;
(A);;72049e;8;45a2e;
(S);;726c3f;32;
a_on_time;0;;45a38;
a_off_time;16;;45a38;
(S);;72b4f3;32;
v_UartDataFormat;24;32;X8;
v_ICF_Format;16;32;X8;
v_ICF_Parity;8;32;X8;
v_RFU;0;32;X8;
(S);;a53ad;168;
txTimings;0;;a53be;
(T);t_hee_Msisdn;72b8c4;72b84b;
(S);;7263ba;192;
a_Year;0;;7263bf;
a_Month;24;;7263d7;
a_Day;48;;7263f0;
a_Hour;72;;726407;
a_Minute;96;;72641f;
a_Second;120;;726439;
a_TimeZone;144;;726453;
a_DiffSign;168;;72646f;
v_Gap_AsoluteTime;184;;72648b;
(S);;724a8b;96;
v_hee_Mode;0;;45a2e;
v_hee_Number;8;;45a2e;
v_dummy1;16;;45a2e;
v_dummy2;24;;45a2e;
a_hee_Arfcn;32;;724ade;
(S);;72ceb1;128;
v_hee_NbDecPagingBurst1;0;;45a56;
v_hee_NbDecPagingBurst2;32;;45a56;
v_hee_NbDecPagingBurst3;64;;45a56;
v_hee_NbDecPagingBurst4;96;;45a56;
(A);;72a3eb;12;45a2e;
(A);;48828;10;45a8d;
(T);t_hee_DateTime;7268f2;726874;
(A);;a5992;5;6a7eb;
(T);t_hee_CodecPriorityStr;729646;729561;
(T);t_hee_GsmStackParam;727c0e;727a2b;
(A);;720742;12;720600;
(S);;72b9b7;288;
v_Aud_Reco_Thr1;0;;45a56;
v_Aud_Reco_Thr2;32;;45a56;
v_Aud_Reco_Thr3;64;;45a56;
v_Aud_Reco_Thr4;96;;45a56;
v_Aud_Reco_Thr5;128;;45a56;
v_Aud_Reco_Thr6;160;;45a56;
v_Rec2L_Thr;192;;45a2e;
v_Rec2H_Thr;200;;45a2e;
v_MicBias_Aux_Idle;208;;45a2e;
v_MicBias_Sampling;216;;45a2e;
v_Rec_Logic;224;;45a2e;
v_Rec_Swap;232;;45a2e;
FillByte1;240;;45a2e;
FillByte2;248;;45a2e;
v_Hookswitch_Threshold;256;;45a38;
v_VCM_Enable_Threshold;272;;45a38;
(A);;72e285;23;72e24d;
(B);;45a1d;8;U;
(A);;726c09;43;726bc1;
(T);t_hee_SaveTCTAppl;728308;728270;
(T);st_SavDownloading;72ce98;72ce01;
(S);;72cf5c;1216;
v_hee_NbPclGSM;0;;72cf62;
NbPclDCS;576;;72cf84;
NbDlPdchBlock;1184;;45a56;
(A);;72b68e;12;45a2e;
(A);;72c5ca;23;72c3fb;
(T);t_hwlaud_EcIcc;4949c;4945d;
(A);;4861c;8;45a8d;
(A);;727809;3;45a2e;
(A);;72c4c2;24;45a2e;
(A);;72b86c;28;45a2e;
(T);t_hee_MsPowerInf;727492;7273a8;
(T);s_hee_BatParam;72fca3;72fc89;
(T);s_hee_IpStackParam;724761;724747;
(A);;72bca5;13;45a2e;
(S);;728023;2240;
v_sectionHeader;0;;1a4c04;
s_hee_Production;64;;72800c;
(S);;72b5fe;256;
a_hee_CBMI;0;;72b603;
(A);;a50e6;8;6a7b2;
(A);;727e58;10;45a2e;
(A);;72b850;28;45a2e;
(A);;72fabd;4;72fab1;
(A);;7272a8;1536;45a2e;
(T);t_hee_SPCENSection;72ca44;72c9dd;
(T);t_Band;72d702;72d6ea;
(A);;72d240;3;45a2e;
(S);;72d763;39424;
s_hee_RadioSectionHeader;0;;1a4c04;
s_bbl_nvram_rf;64;;a5a09;
s_bbl_nvram_dsp;8544;;a5a84;
s_bbl_nvram_clkArfcn;10992;;a6c43;
s_Generic;19232;;72d727;
s_Gsm900;19264;;72d702;
s_Gsm850;19296;;72d702;
s_Dcs1800;19328;;72d702;
s_Pcs1900;19360;;72d702;
s_Xtal;19392;;72d755;
(T);t_hee_PN_Number;72ddac;72dc8f;
(A);;a56a6;4;6a7eb;
(S);;a52cf;48;
txVrampCorrFctOfVBat;0;;a52d4;
txVrampThresholdVBat;32;;a52fc;
(T);s_hee_VirginSpecialSection;7272fc;7272d9;
(T);t_hee_StkTerminalProfile;72a346;729876;
(A);;72d1e9;6;45a2e;
(A);;727f6e;4;45a2e;
(S);;72bda0;512;
v_MccValue;0;;45a38;
v_MncValue;16;;45a38;
a_NetworkName;32;;72bdcd;
(T);t_hwlaud_DynNG;49446;492d7;
(T);s_hee_GprsAppliParam;72506b;72504f;
(A);;a58a6;2;a543f;
(T);t_hee_Header;728195;728119;
(A);;72fa51;4;72fa45;
(A);;72bd29;13;45a2e;
(A);;72718c;10;45a38;
(A);;a56fd;4;a56f1;
(A);;48689;7;45a8d;
(T);t_hee_Production;72800c;727cce;
(T);stBblRfNvramTxVcoRegBoost;a543f;a53fc;
(T);s_hee_SPCENSection;72ca5d;72ca44;
(S);;7281a8;128;
a_SystemEventList;0;;7281ad;
v_Process;80;;45531;
v_Instance;88;;45516;
v_AllInstance;96;;45a2e;
v_Flags;104;;45a2e;
v_MaxInputLength;112;;45a2e;
v_MaxOutputLength;120;;45a2e;
(S);;724e13;32;
v_RFU4;24;32;X8;
v_RFU3;16;32;X8;
v_RFU2;8;32;X8;
v_RFU1;5;32;X3;
v_hee_GPRSActivated;4;32;X1;
v_hee_GPRS_IncomCall;3;32;X1;
v_hee_GPRS_SMS;1;32;X2;
v_hee_GPRSAttach;0;32;X1;
(B);;6a7c1;16;U;
(B);;45a44;16;U;
(A);;727d13;3;45a2e;
(A);;a553e;4;6a776;
(A);;48c69;6;45a8d;
(S);;7273a8;32;
v_hee_ClassGsmP;28;32;X4;
v_hee_ClassGsmE;24;32;X4;
v_hee_ClassGsm1800;20;32;X4;
v_hee_ClassGsm1900;16;32;X4;
v_hee_ClassGsm450;12;32;X4;
v_hee_ClassGsm480;8;32;X4;
v_hee_ClassGsm850;4;32;X4;
NotUsed;0;32;X4;
(S);;727cce;2160;
a_hee_AsmVer;0;;727cd4;
a_hee_AsmPart;32;;727cf3;
a_hee_FactId;128;;727d13;
a_hee_LinId;152;;727d33;
a_hee_SpcPart;232;;727d52;
a_hee_BtstCnt;328;;727d73;
a_hee_PtstCnt;344;;727d94;
a_hee_FtstCnt;360;;727db5;
a_hee_AntCnt;376;;727dd6;
a_hee_VisCnt;392;;727df6;
a_hee_TayCnt;408;;727e16;
a_hee_FtstRack;424;;727e36;
a_hee_FtstDate;448;;727e58;
v_hee_AntFailed;528;;45a2e;
v_hee_CITFlag;536;;45a2e;
a_hee_Spa1;544;;727eaa;
a_hee_TstInfo;560;;727ec8;
a_hee_PhaChksum;1072;;727ee9;
a_hee_FacFlag;1088;;727f0d;
a_hee_EsnNo;1152;;727f2f;
a_hee_Spa2;1216;;727f4f;
a_hee_ChkSum;1296;;727f6e;
a_hee_ScratchPad;1328;;727f8f;
a_tcmcAccess;2128;;45a2e;
a_lcdContrast;2136;;45a2e;
v_MATMode;2144;;45a2e;
a_padByte;2152;;45a2e;
(S);;1a547e;32;
dummy;0;;1a5483;
(A);;727ee9;2;45a2e;
(S);;7260e1;288;
s_hee_DataBitFields;0;;725461;
s_hee_DataBitFields2;32;;725906;
s_hee_DataBitFields3;64;;725af5;
s_hee_DataBitFields4;128;;725c5d;
v_CrlpVer;192;;45a2e;
v_CrlpT4;200;;45a2e;
v_CrlpIws;208;;45a2e;
v_CrlpMws;216;;45a2e;
v_CrlpT1;224;;45a2e;
v_CrlpN2;232;;45a2e;
v_CauseSelect;240;;45a2e;
v_Cause;248;;45a2e;
a_atp_Storage;256;;7261ec;
v_GAP_CurrentRegisters;280;;72620b;
(S);;72cfd9;2304;
s_hee_SavSectionHeader;0;;1a4c04;
v_hee_ReturnNumber;64;;45a2e;
v_GAP_SavParam;72;;72d01b;
v_hee_Return_1;96;;72ccd9;
v_hee_Return_2;320;;72ccd9;
v_hee_IMEI;544;;72cd5d;
v_hee_12NC;736;;72d07b;
v_hee_UnpackingFlag;784;;45a2e;
v_hee_BadCharger;792;;45a2e;
s_hee_Repair;800;;72cded;
s_hee_downloading;864;;72ce98;
v_hee_Empty;928;;72d0fd;
s_SavL1cNbDecPagingBurst;960;;72cf3b;
s_SavL1cNbPclTxCounters;1088;;72cfb9;
(T);t_hee_UserGprsStack;724a70;72497b;
(A);;72c736;15;45a2e;
(T);s_hee_SpeechParam;72c945;72c92d;
(S);;7297db;32;
v_hee_CallCtrlStkBusyAllowed;0;;45a2e;
v_Empty;8;;729806;
(S);;72cb49;224;
v_hee_SavArriveDate;0;;72cb3b;
v_hee_AnomalyCustomer;32;;72cb69;
v_hee_SavRow;64;;45a2e;
v_GAP_SavReturn;72;;72cba8;
v_hee_CollectCenter;80;;45a38;
v_hee_SavDepartDate;96;;72cb3b;
v_hee_RealAnomaly;128;;72cc03;
v_hee_ChangedComponent_1;160;;72cc28;
v_hee_ChangedComponent_2;176;;72cc54;
v_hee_ChangedComponent_3;192;;72cc80;
v_hee_ChangedComponent_4;208;;72ccac;
(T);t_hwlaud_SelEsY;4923f;49233;
(A);;7266b5;12;45a2e;
(A);;a5812;5;6a7b2;
(T);stBblRfNvramTdiLite;a54b7;a5461;
(T);t_atp_AsoluteTime;7264b1;7263ba;
(A);;4916b;10;45a8d;
(T);t_hwlaud_Antipopup;48d94;48d79;
(T);t_hee_UCS2Bitfield;72e3ff;72e3b7;
(A);;72c75a;15;45a2e;
(S);;72b966;96;
v_hee_Id;0;;45a38;
a_hee_Names;16;;72b97d;
(A);;488a4;10;45a8d;
(A);;72d3f2;65;45a2e;
(S);;72d1e3;4320;
a_hee_BTAddress;0;;72d1e9;
v_GAP_fty;48;;72d20b;
v_hee_OutputPwr;64;;45a2e;
v_GAP_fty2;72;;72d240;
v_hee_Fref;96;;45a56;
v_hee_Ksel;128;;45a56;
a_hee_FactorySettingsBGB210;160;;72d286;
(T);t_ProcessName;45531;45a2e;
(T);t_hee_FeaturesGPRS1;7290b1;728f2f;
(T);s_hee_BtFactoryParam;72d329;72d30d;
(S);;a519b;64;
txVrampCorrLowArfcn;0;;6a7b2;
txVrampCorrHighArfcn;16;;6a7b2;
txVrampThresholdLowArfcn;32;;6a7b2;
txVrampThresholdHighArfcn;48;;6a7b2;
(A);;72ce6f;1;45a2e;
(A);;72bc29;15;45a2e;
(A);;485e0;7;45a8d;
(S);;72ddc3;128;
v_hee_12Nc_Tranceiver;0;;72ddc8;
v_hee_CC_Location;48;;72ddf1;
v_hee_SpareL79;64;;72de16;
(S);;5c3ab;42320;
s_Antipopup;0;;48d94;
s_DspCommon;4336;;490db;
a_DspRxOrgan;4832;;5c3dc;
a_DspTxOrgan;18016;;5c3fb;
a_DspRx40KOrgan;30016;;5c41a;
a_UserRxOrgan;41552;;5c43c;
(T);t_Generic;72d727;72d70f;
(S);;729665;32;
v_hee_SetupBerWithoutSimState;31;32;X1;
v_hee_CtmIndication;30;32;X1;
v_hee_FirstStartup;29;32;X1;
v_hee_DSL_UartSpeedHigh;28;32;X1;
v_hee_SetupRfPowerCapaGSM850;25;32;X3;
v_hee_MicMode;23;32;X2;
v_hee_rfacchmode;22;32;X1;
v_hee_sacchmode;21;32;X1;
v_hee_racchmode;20;32;X1;
v_hee_DtrActivateDsl;19;32;X1;
v_Gap;0;32;X19;
(A);;a5970;6;6a7eb;
(A);;724fd7;2;45a2e;
(A);;5c3dc;8;5c2c0;
(T);t_hwlaud_TxIirFilter;491c6;491ba;
(T);t_hee_DataBitFields2;725906;7256c3;
(T);t_hee_Mboxn;72b952;72b8d9;
(T);t_hau_AudioBBLParams;5c45d;5c3ab;
(T);t_hee_Factory;72d2b7;72d1e3;
(A);;727f8f;100;45a2e;
(T);t_hee_QuickSettingsBitFields;72b2b8;72b0b9;
(S);;72b66e;224;
v_ParamIndicators;0;;45a2e;
a_DestAdd;8;;72b68e;
a_ServCentAdd;104;;72b6ab;
v_PID;200;;45a2e;
v_DCS;208;;45a2e;
v_VP;216;;45a2e;
(S);;72764b;160;
v_hee_BandIndList;0;;727650;
(A);;724f17;4;45a2e;
(A);;72d01b;3;45a2e;
(A);;727238;36;45a38;
(A);;72c1cc;2;72b6f9;
(S);;726255;96;
s_hee_DataBitFields1;0;;7256a6;
v_S0;32;;45a2e;
v_S1;40;;45a2e;
v_S3;48;;45a2e;
v_S4;56;;45a2e;
v_S5;64;;45a2e;
v_S7;72;;45a2e;
v_S8;80;;45a2e;
v_S10;88;;45a2e;
(T);t_hee_CmuxSettings;726859;7267a2;
(T);t_hee_SpeechParam;72c92d;72c904;
(T);t_hwlaud_DspCommonBBL;490db;48dae;
(T);t_hwlgpm_Generic;1a54e3;1a54b0;
(A);;727d52;12;45a2e;
(A);;a5154;2;6a795;
(A);;a5a38;40;6a7b2;
(A);;a53b2;7;6a795;
(T);t_hee_VirginSpecialSection;7272d9;726c87;
(S);;72d9ab;128;
v_hee_MTX_Test_Status;0;;45a2e;
v_hee_MTX_Jig_Number;8;;45a2e;
v_hee_MTX_Line_Number;16;;45a2e;
v_hee_MTX_Test_Day;24;;45a2e;
v_hee_MTX_Test_Year;32;;45a38;
v_hee_MTX_Test_Month;48;;45a2e;
v_hee_MTX_PCB_Number_Test;56;;45a2e;
v_hee_MTX_Jig_Side;64;;45a2e;
v_hee_MTX_Test_Hour;72;;45a2e;
v_hee_MTX_Number;80;;45a38;
v_hee_MTX_Vibrator_Current;96;;45a2e;
v_hee_SpareL76;104;;72dafd;
(A);;72cdc9;2;45a2e;
(T);t_hee_EquivalentPlmnList;727556;72752a;
(A);;72bc84;13;45a2e;
(A);;726bc9;4;726bc1;
(T);t_hee_AccesoriesBitFields;72b445;72b2dd;
(T);t_hee_HotKeyParam;72e4f4;72e41a;
(S);;72b635;160;
a_hee_CBMIR;0;;72b63a;
(A);;a5250;2;6a7b2;
(A);;488d2;10;45a8d;
(A);;a55f2;7;6a7b2;
(A);;727dd6;2;45a2e;
(S);;72cced;192;
v_hee_FirstIMEI;0;;72ccf2;
v_hee_SecondIMEI;64;;72cd15;
v_hee_ThirdIMEI;128;;72cd39;
(S);;72bb5e;960;
a_hee_Record1;0;;72bb63;
a_hee_Record2;120;;72bb84;
a_hee_Record3;240;;72bba5;
a_hee_Record4;360;;72bbc6;
a_hee_Record5;480;;72bbe7;
a_hee_Record6;600;;72bc08;
a_hee_Record7;720;;72bc29;
a_hee_Record8;840;;72bc4a;
(S);;72b7c1;64;
v_hee_Counter;0;;45a56;
v_hee_Sign;32;;45a2e;
v_hee_dummy1;40;;45a2e;
v_hee_dummy2;48;;45a2e;
v_hee_dummy3;56;;45a2e;
(S);;72797e;32;
v_hee_EnabledRAT;0;;45a2e;
v_GAP2;8;;72799d;
(A);;727618;20;727518;
(T);t_hee_KbdParam;72e2a2;72e25f;
(A);;a571a;16;6a7b2;
(S);;72e34d;32;
s_hee_HotKeysBitfield;0;;45a38;
v_GAP_HotKeysBitfield;16;;72e371;
(T);t_hee_ClkDelta;72b834;72b7c1;
(A);;72dc94;2;45a2e;
(T);st_bbl_nvram_dsp;a5a84;a5a21;
(A);;72cc80;2;45a2e;
(S);;5c28d;1648;
s_DspRxCfg;0;;499a1;
a_VolumeTable;1488;;491ef;
(A);;a5684;4;6a7eb;
(A);;72fb6b;2;45a8d;
(S);;72d5e7;8352;
s_hee_BtSettingsSectionHeader;0;;1a4c04;
s_hee_Setting;64;;72d5cf;
(A);;724497;31;45a38;
(A);;7282ec;3;45a2e;
(U);;72655f;192;
s_RelTime;0;;726544;
s_AbsTime;0;;7264b1;
(T);t_atp_EepSmsSetTextmodeParameters;726624;72659e;
(S);;72b84b;896;
a_hee_L1;0;;72b850;
a_hee_L2;224;;72b86c;
a_hee_fax;448;;72b888;
a_hee_data;672;;72b8a5;
(S);;72e3b7;32;
v_hee_UCS2Bitfield;0;;45a38;
v_GAP_UCS2Bitfield;16;;72e3d8;
(A);;7205b0;4;720568;
(S);;72b0b9;32;
v_RFU1;24;32;X8;
v_RFU2;19;32;X5;
v_hee_DefaultServiceCenter;18;32;X1;
v_hee_AlarmStatusOld;17;32;X1;
v_hee_VibratorOld;16;32;X1;
v_hee_RingVolumeOld;13;32;X3;
v_hee_KeyPadLockOld;10;32;X3;
v_hee_KeyToneAlertOld;9;32;X1;
v_hee_OrganizerAlertOld;8;32;X1;
v_hee_BatteryLowAlertOld;7;32;X1;
v_hee_NewMessageAlertOld;6;32;X1;
v_hee_BacklightOld;4;32;X2;
v_hee_ZoomOld;3;32;X1;
v_hee_AnyKeyAnswerOld;2;32;X1;
v_hee_CommunicationOld;1;32;X1;
v_hee_AnimationOld;0;32;X1;
(T);t_hee_SettingsBitFields4;72afe1;72aee6;
(T);u16;45a38;45a44;
(A);;72b603;16;45a38;
(T);t_hee_DataBitFields;725461;7252fe;
(A);;72c1fd;16;72b99d;
(S);;725c7a;640;
v_hee_PDPCtxtCid;14;16;X2;
v_hee_PDPCtxtLocked;13;16;X1;
v_hee_PDPCtxtDefined;12;16;X1;
v_hee_PDPCtxtQosPrecedence;10;16;X2;
v_hee_PDPCtxtQosDelay;7;16;X3;
v_hee_PDPCtxtQosReliability;4;16;X3;
v_hee_PDPCtxtQosPeak;0;16;X4;
v_hee_PDPCtxtQosMean;16;;45a2e;
v_GAP_PDPContext;24;;725d8d;
a_hee_PDPCtxtApn;32;;725db1;
a_hee_PDPCtxtAddress;544;;725dd5;
v_hee_PDPCtxtQosTrafficClass;29;32;X3;
v_hee_PDPCtxtQosDeliveryOrder;27;32;X2;
v_hee_PDPCtxtQosDeliveryErrSDU;24;32;X3;
v_hee_PDPCtxtQosMaxSDUSize;16;32;X8;
v_hee_PDPCtxtQosMaxULBitRate;8;32;X8;
v_hee_PDPCtxtQosMaxDLBitRate;0;32;X8;
v_hee_PDPCtxtQosResidualBER;28;32;X4;
v_hee_PDPCtxtQosSDUErrorRatio;24;32;X4;
v_hee_PDPCtxtQosTransferDelay;18;32;X6;
v_hee_PDPCtxtQosTrafficHandling;16;32;X2;
v_hee_PDPCtxtQosGuaranteedULBitRate;8;32;X8;
v_hee_PDPCtxtQosGuaranteedDLBitRate;0;32;X8;
(A);;a5618;6;6a7d3;
(T);Uint32;6a7eb;6a7fa;
(A);;491e3;10;45a38;
(B);;6a784;8;U;
(T);t_hee_Features1;728f17;728b2e;
(T);t_hee_CodeBarre_Section;72d98d;72d941;
(T);t_hwlaud_UserRxCfg;4a04b;4a014;
(S);;72500c;288;
s_hee_GprsAppliSectionHeader;0;;1a4c04;
s_hee_GprsAppli;64;;724ff5;
(A);;a592c;1;6a7eb;
(S);;72521e;64;
s_hee_WapDataSectionHeader;0;;1a4c04;
(A);;72835e;5;728308;
(T);t_atp_EepromProfile;72639e;72630b;
(T);t_hee_BtFactoryParam;72d30d;72d2cb;
(A);;727cd4;4;45a2e;
(A);;72b598;1;45a2e;
(T);t_hee_SAV_Section;72debd;72de53;
(A);;72c447;8;45a2e;
(A);;726086;60;72601f;
(A);;485bc;10;45a8d;
(A);;48944;10;45a8d;
(A);;486be;6;45a8d;
(S);;72b8d9;896;
a_hee_L1;0;;72b8de;
a_hee_L2;224;;72b8fa;
a_hee_fax;448;;72b916;
a_hee_data;672;;72b933;
(S);;726712;1952;
a_hee_atp_PDPContext;0;;726718;
v_hee_DefaultPDPCtxt;1920;;45a2e;
v_GAP_PDPContexts;1928;;72675d;
(T);t_hee_SaveTCTList;728257;7281a8;
(A);;72fa7f;4;45a8d;
(S);;72752a;192;
v_hee_EquivalentPlmn;0;;72752f;
(T);stBblRfNvramTxTimingsParam;a53da;a53ad;
(A);;489b7;10;45a8d;
(T);t_hee_HotKeysBitfield;72e39a;72e34d;
(S);;a512a;32;
rssiGainFctOfTemp;0;;a512f;
rssiThresholdTemp;16;;a5154;
(T);u8;45a2e;45a1d;
(T);Sint16;6a7d3;6a7e2;
(T);t_hee_SettingsDriver;72b4d6;72b467;
(T);t_hee_DataBitFields1;7256a6;72547c;
(A);;72e47a;12;45a2e;
(A);;72f9e2;4;45a38;
(A);;7220a3;3;45a2e;
(T);stBblRfNvramTxVrampCorrectionParam;a5221;a519b;
(S);;720618;4544;
s_hee_SimSectionHeader;0;;1a4c04;
a_UnbckImsi;64;;72063e;
s_NckCode;128;;720508;
s_NsckCode;224;;720508;
s_SpckCode;320;;720508;
s_CckCode;416;;720508;
s_PckCode;512;;720508;
v_UnbckAttempt;608;;45a2e;
v_Gid1Presence;616;;45a2e;
v_Gid2Presence;624;;45a2e;
v_AutoLock;632;;45a2e;
v_OperatorFile;640;;45a2e;
v_GAP1;648;;720728;
a_MultiImsi;672;;720742;
v_AesPadding1;4512;;45a2e;
v_AesPadding2;4520;;45a2e;
v_AesPadding3;4528;;45a2e;
v_AesPadding4;4536;;45a2e;
(A);;72fc13;2;45a2e;
(T);s_hee_AudioParam;72fd94;72fd7d;
(T);t_hee_SectionHeader;1a4c04;1a4b9b;
(S);;72aee6;32;
v_RFU4;24;32;X8;
v_hee_SettingsRamDump;16;32;X8;
v_RFU2;11;32;X5;
v_hee_UsbConfigSelect;8;32;X3;
v_RFU1;7;32;X1;
v_hee_ErrorDebugIsBlocking;6;32;X1;
v_RFU3;5;32;X1;
v_hee_ReconfPhoneLock;3;32;X2;
v_hee_PhoneLock;0;32;X3;
(A);;49194;32;45a8d;
(T);t_hee_SettingsBitFields3;72aec5;72ad18;
(S);;72ded7;800;
s_hee_OamSectionHeader;0;;1a4c04;
s_hee_CodeBarre_Section;64;;72d98d;
s_hee_MTX_oam_Section;160;;72db20;
s_hee_FA_oam_Section;288;;72dc73;
s_hee_PN_Number;416;;72ddac;
s_hee_12NC_Number;544;;72de39;
s_hee_SAV_Section;672;;72debd;
(S);;72d2cb;4384;
s_hee_BtFactorySectionHeader;0;;1a4c04;
s_hee_Factory;64;;72d2b7;
(A);;727d33;10;45a2e;
(A);;725db1;64;45a2e;
(S);;5c35f;192;
s_UserRxCfg;0;;4a04b;
a_VolumeTable;32;;491ef;
(A);;7246f9;3;45a2e;
(A);;a53be;3;a53b2;
(S);;1a53c6;20032;
a_hwlsyn_XtalEstimation;0;;1a53cc;
v_Temp_Meas_Error;20016;;45a8d;
(S);;727848;32;
v_hee_GEA_1_support;7;8;X1;
v_hee_GEA_2_support;6;8;X1;
v_hee_GEA_3_support;5;8;X1;
v_hee_GEA_4_support;4;8;X1;
v_hee_GEA_5_support;3;8;X1;
v_hee_GEA_6_support;2;8;X1;
v_hee_GEA_7_support;1;8;X1;
v_hee_NotUsed;0;8;X1;
v_GAP;8;;727947;
(A);;727d73;2;45a2e;
(S);;a5461;32;
normalClock;0;;6a776;
normalMcu;8;;6a776;
streamClock;16;;6a776;
streamMcu;24;;6a776;
(S);;a54d3;8480;
versionId;0;;6a7b2;
afcDacValue;16;;6a7b2;
afcSlopeMin;32;;6a7b2;
afcSlopeMax;48;;6a7b2;
cdacValue;64;;6a776;
rxTxAsmRxFemWord;72;;a553e;
rxTxAsmTxFemWord;104;;a5562;
rxTxAsmSleepMode;136;;6a776;
paBandSelUart;144;;6a776;
paBandSelGpio;152;;6a776;
rxTimingAllBands;160;;a55ce;
rssiTimingAllBands;272;;a55f2;
rxAccGain;384;;a5624;
rssiCorrection;768;;a563f;
rssiCorrectionTemp;1536;;a565f;
rampProfileUp;1664;;a5684;
rampProfileDn;1792;;a56a6;
txVrampMax;1920;;a56d4;
txVrampMin;2944;;a56fd;
rampUpTable;3456;;a5726;
rampDnTable;4480;;a5750;
txVrampCorr;5504;;a576e;
txVrampTempCorr;5760;;a578c;
txVrampVBatCorr;5952;;a57ae;
txTimingsPclRange;6144;;a57d0;
txTimings;6176;;a57f6;
txTimingsAll;6848;;a5812;
alignment_dummy_4;6928;;6a776;
alignment_dummy_5;6936;;6a776;
txFreqBias;6944;;a586b;
rxTxDelay;7072;;a5888;
txVcoRegBoost;7104;;a58a6;
paRampDacFilter;7168;;6a776;
rxLnaSwap;7176;;6a776;
alignment_dummy_7;7184;;6a776;
alignment_dummy_8;7192;;6a776;
initSequence0;7200;;a592c;
initSequence1;7232;;a594e;
initSequence2;7616;;a5970;
initSequence3;7808;;a5992;
initSequence4;7968;;a59b4;
initSequence5;8320;;a59d6;
tdiLite;8448;;a54b7;
(S);;72875a;32;
v_hee_ROKoperator;31;32;X1;
v_hee_FTMoperator;30;32;X1;
v_hee_KPNoperator;29;32;X1;
v_hee_LoftFeatures;28;32;X1;
v_hee_UEFAFeatures;27;32;X1;
v_hee_GapFeatures_0;26;32;X1;
v_hee_GapFeatures_1;25;32;X1;
v_hee_SetupEndSessionSTK2;24;32;X1;
v_hee_SetupSTKEmptyString;23;32;X1;
v_hee_SetupSTKCrBit;22;32;X1;
v_hee_SetupEscalatingTimer;21;32;X1;
v_hee_SetupDisplayMenuLang;20;32;X1;
v_hee_SetupMenuRegister;19;32;X1;
v_hee_SetupVibrator;18;32;X1;
v_hee_SetupProtectMboxn;17;32;X1;
v_hee_SetupReadWelcomeInSim;16;32;X1;
v_hee_GapFeatures_3;11;32;X5;
v_hee_SetupBeepCredit;10;32;X1;
v_hee_SetupSmartEditor;9;32;X1;
v_hee_SetupCopyCat;8;32;X1;
v_hee_SetupUCS2State;7;32;X1;
v_hee_SetupNotConfCall;6;32;X1;
v_hee_SetupScreenEndCallSTK;5;32;X1;
v_hee_SetupEndSessionSTK;4;32;X1;
v_hee_SetupSimToolKit;3;32;X1;
v_hee_SetupCompress;2;32;X1;
v_hee_GapFeatures_2;1;32;X1;
v_hee_SetupPAType;0;32;X1;
(T);s_hee_AddrParam;7244d7;7244c1;
(T);t_ProcessInstance;45516;45a2e;
(S);;726c87;24928;
s_hee_VirginSectionHeader;0;;1a4c04;
vl_SIMEITimes;64;;45a2e;
v_cmte_switch;72;;45a2e;
v_vr_switch;80;;45a2e;
v_csmins_switch;88;;45a2e;
v_ciurc_switch;96;;45a2e;
v_Moring_param;104;;45a2e;
v_CEER_Mode;112;;45a2e;
v_CCPD_param;120;;45a2e;
v_cexths_switch;128;;45a2e;
v_cextbut_switch;136;;45a2e;
v_chf_switch;144;;45a2e;
v_cfgri_switch;152;;45a2e;
v_sub_clvl0;160;;45a2e;
v_sub_clvl1;168;;45a2e;
v_PsstkiMode_param;176;;45a2e;
v_PsstkrejMode_param;184;;45a2e;
v_CLCC_Mode;192;;45a2e;
v_CALS_param;200;;45a2e;
v_CALM_param;208;;45a2e;
v_hee_UserVolume0;216;;45a2e;
v_hee_UserVolume1;224;;45a2e;
v_skpd_Mode;232;;45a2e;
v_sub_clvl2;240;;45a2e;
v_sub_clvl3;248;;45a2e;
v_hee_UserVolume2;256;;45a2e;
v_hee_UserVolume3;264;;45a2e;
v_CRIPULSE_param;272;;45a2e;
v_CBUZZERRING_param;280;;45a2e;
v_hee_cemnl_enabled;288;;45a2e;
v_hee_cemnl_amount;296;;45a2e;
a_hee_emergency_number;304;;726f88;
v_hee_cwhitelist_enable;656;;45a2e;
a_hee_WhiteList;664;;726fd0;
v_netlock_param;10984;;45a2e;
v_att_param;10992;;45a2e;
v_caas_param;11000;;45a2e;
v_hee_LED_sparktime;11008;;727038;
v_hee_snd_level;11104;;72705e;
v_cgas_param;11136;;45a2e;
v_srspt_param;11144;;45a2e;
v_hee_ur;11152;;45a2e;
v_hee_sq;11160;;45a2e;
v_cusacc_param;11168;;45a2e;
v_cnitznn_param;11176;;45a2e;
v_cipsttimer_start_timer;11184;;45a2e;
v_cipsttimer_stop_timer;11192;;45a2e;
v_hee_numOfCellUsed;11200;;45a2e;
v_hee_cellSwitchMode;11208;;45a2e;
v_hee_cellUsed;11216;;72718c;
v_hee_CRNQPMode;11376;;45a2e;
v_hee_csgsMode;11384;;45a2e;
v_hee_CQUICKPDP;11392;;45a2e;
v_hee_CQUICKPDP3380;11400;;45a2e;
v_hee_CQUICKPDP3390;11408;;45a2e;
v_hee_clnwplmn_mcc;11424;;727238;
v_hee_clnwplmn_mnc;12000;;72725f;
v_netlock_pwd;12576;;727286;
a_hee_VirginSpecialSection;12624;;7272a8;
(T);t_hee_Accessories;72bb44;72b9b7;
(T);t_hee_Features3;729822;7297db;
(T);t_hee_GprsAppli;724ff5;724ef8;
(S);;7267a2;64;
v_N1;0;;45a38;
v_Mode;7;8;X1;
v_Subset;6;8;X1;
v_PortSpeed;3;8;X3;
v_K;0;8;X3;
v_T1;24;;45a2e;
v_N2;32;;45a2e;
v_T2;40;;45a2e;
v_T3;48;;45a2e;
v_GAP_1;56;;72683d;
(B);;6a7fa;32;U;
(T);t_hee_SettingParam;72c84f;72c80f;
(S);;72664e;320;
a_atp_ScAddress;0;;726653;
s_atp_CSMPCmd;96;;726624;
(T);s16;45a8d;45a99;
(S);;72db3d;128;
v_hee_FA_Test_Status;0;;45a2e;
v_hee_FA_Tester_Number;8;;45a2e;
v_hee_FA_Module_Number;16;;45a2e;
v_hee_FA_Test_Day;24;;45a2e;
v_hee_FA_Test_Year;32;;45a38;
v_hee_FA_Test_Month;48;;45a2e;
v_hee_FA_PCB_Number_Test;56;;45a2e;
v_hee_FA_Test_Hour;64;;45a2e;
v_hee_FA_Test_minute;72;;45a2e;
v_hee_SpareL77;80;;72dc50;
(S);;72c9dd;224;
s_hee_spcSectionHeader;0;;1a4c04;
a_hee_EmergencyNumber;64;;72ca02;
v_GAP;208;;72ca2a;
(A);;5c43c;4;5c391;
(T);t_hee_UserGprsAppli;724ede;724e13;
(A);;72dafd;3;45a2e;
(A);;72063e;8;45a2e;
(T);t_hee_Emergency_number;726be7;726bbc;
(A);;72e04a;33;45a56;
(A);;72e027;50;45a38;
(B);;45aae;32;S;
(T);stBblRfNvramTxVrampVBatCorrectionParam;a5325;a52cf;
(A);;72ddc8;6;45a2e;
(A);;72c5a3;23;72c3fb;
(T);t_ant_NitzShortName;7260c5;726081;
(T);t_hee_DataBitFields4;725c5d;725b12;
(T);s_hee_Trace;72841d;728409;
(A);;72833b;5;728257;
(A);;72c5f1;22;45a2e;
(A);;a576e;4;a5221;
(S);;a53fc;32;
txVcoRegVoltageHigh;0;;6a7b2;
txVcoRegThresholdArfcn;16;;6a7b2;
(A);;72bdcd;60;45a2e;
(S);;720520;32;
v_MinValue;0;;45a2e;
v_MaxValue;8;;45a2e;
v_GAP2;16;;72054d;
(T);stBblRfNvramTxFreqBiasParam;a538a;a5353;
(S);;726bbc;32;
a_PhoneNumber;0;;726bc9;
(S);;72497b;32;
v_hee_RauAtSwitchOff;31;32;X1;
v_hee_EgprsMultiSlotClass;26;32;X5;
v_hee_GprsMultiSlotClass;21;32;X5;
v_hee_SplitPagingOnCcch;20;32;X1;
v_hee_T3190DuringTestMode;19;32;X1;
v_RFU1;16;32;X3;
v_RFU2;8;32;X8;
v_RFU3;0;32;X8;
(B);;45a7e;8;S;
(A);;724cda;2;45a2e;
(T);st_SavReturn;72ccd9;72cb49;
(S);;72cd6f;64;
v_hee_Location;0;;45a38;
v_hee_Index;16;;45a38;
v_hee_Year;32;;45a2e;
v_hee_Week;40;;45a2e;
v_GAP_SavRepair;48;;72cdc9;
(T);bool;45a10;45a1d;
(S);;4a014;32;
v_CodecDnControl;0;;45a8d;
v_CodecDnGain;16;;45a8d;
(A);;72b8fa;28;45a2e;
(S);;72d4ed;8288;
a_hee_Nickname;0;;72d4f3;
v_hee_SapPinAsked;520;;45a2e;
v_GAP_stg;528;;72d530;
v_hee_HidRole;536;;45a2e;
a_hee_DeviceInformation;544;;72d564;
v_hee_ProfileList;8224;;45a56;
v_hee_AccessoryBufferDelay;8256;;45a56;
(A);;72683d;1;45a2e;
(A);;490f9;32;45a8d;
(S);;72b002;32;
v_hee_CurrentPolyMelFileId;16;32;X16;
v_hee_CurrentPolyMelVolume;12;32;X4;
v_hee_Padding;1;32;X11;
v_hee_TraceInCircularBuffer;0;32;X1;
(S);;7275be;576;
v_hee_BitMap;0;;7275c3;
v_GAP;560;;7275e3;
(S);;a5a21;2448;
version;0;;6a7b2;
debug;16;;a5a38;
config;656;;a5a51;
tty;1968;;a5a6b;
(T);t_atp_EepSmsCurrentSettings;72668c;72664e;
(A);;72b888;28;45a2e;
(T);t_OperationType;45548;45a38;
(A);;727038;3;726c6c;
(T);t_hee_CBMIR;72b65a;72b635;
(S);;724ef8;224;
s_hee_UserFeatures;0;;724ede;
a_hee_GprsIPAddress;32;;724f17;
v_hee_MobileSessionCounter;64;;45a56;
v_hee_PcSessionCounter;96;;45a56;
v_hee_DetachTimer;128;;45a56;
v_hee_DeactivatePdpTimer;160;;45a56;
v_hee_DataTime;192;;45a38;
v_GAP_END;208;;724fd7;
(A);;727650;20;45a2e;
(S);;728f2f;32;
v_hee_QoSPrecedenceRequested;30;32;X2;
v_hee_QoSMeanMin;22;32;X8;
v_hee_QoSReliabilityMin;19;32;X3;
v_hee_QoSDelayMin;16;32;X3;
v_hee_QoSPrecedenceMin;14;32;X2;
v_hee_GapFeaturesGPRS1_0;9;32;X5;
v_hee_CounterType;7;32;X2;
v_hee_PDPActivation;5;32;X2;
v_hee_GPRSAttach;4;32;X1;
v_hee_IncomingSpeechCallWhileCSDCall;3;32;X1;
v_hee_OperationMode;0;32;X3;
(S);;a524b;48;
txVrampCorrFctOfTemp;0;;a5250;
txVrampThresholdTemp;32;;a5278;
